Archive member included to satisfy reference by file (symbol)

/usr/local/xenon/usr/lib/libxenon.a(argv.o)
                              /usr/local/xenon/lib/gcc/xenon/9.2.0/../../../../xenon/lib/../lib/crt1.o (__check_argv)
/usr/local/xenon/usr/lib/libxenon.a(startup_from_xell.o)
                              (_start)
/usr/local/xenon/usr/lib/libxenon.a(ata.o)
                              main.o (xenon_ata_init)
/usr/local/xenon/usr/lib/libxenon.a(newlib.o)
                              main.o (bdev_enum)
/usr/local/xenon/usr/lib/libxenon.a(xenon_syscalls.o)
                              /usr/local/xenon/usr/lib/libxenon.a(newlib.o) (__syscalls)
/usr/local/xenon/usr/lib/libxenon.a(atomic.o)
                              /usr/local/xenon/usr/lib/libxenon.a(startup_from_xell.o) (atomic_clearset)
/usr/local/xenon/usr/lib/libxenon.a(cache.o)
                              /usr/local/xenon/usr/lib/libxenon.a(ata.o) (memdcbt)
/usr/local/xenon/usr/lib/libxenon.a(except.o)
                              /usr/local/xenon/usr/lib/libxenon.a(startup_from_xell.o) (secondary_lock)
/usr/local/xenon/usr/lib/libxenon.a(c_except.o)
                              /usr/local/xenon/usr/lib/libxenon.a(except.o) (crashdump)
/usr/local/xenon/usr/lib/libxenon.a(vm.o)
                              /usr/local/xenon/usr/lib/libxenon.a(except.o) (vm_segfault_handler)
/usr/local/xenon/usr/lib/libxenon.a(time.o)
                              /usr/local/xenon/usr/lib/libxenon.a(ata.o) (mdelay)
/usr/local/xenon/usr/lib/libxenon.a(usbmain.o)
                              /usr/local/xenon/usr/lib/libxenon.a(xenon_syscalls.o) (usb_shutdown)
/usr/local/xenon/usr/lib/libxenon.a(tinyehci.o)
                              /usr/local/xenon/usr/lib/libxenon.a(usbmain.o) (USBStorage_Init)
/usr/local/xenon/usr/lib/libxenon.a(debug.o)
                              /usr/local/xenon/usr/lib/libxenon.a(xenon_syscalls.o) (data_breakpoint)
/usr/local/xenon/usr/lib/libxenon.a(xenon_smc.o)
                              /usr/local/xenon/usr/lib/libxenon.a(xenon_syscalls.o) (xenon_smc_send_message)
/usr/local/xenon/usr/lib/libxenon.a(xenon_power.o)
                              /usr/local/xenon/usr/lib/libxenon.a(xenon_syscalls.o) (xenon_is_thread_task_running)
/usr/local/xenon/usr/lib/libxenon.a(xenon_secotp.o)
                              main.o (xenon_secotp_read_line)
/usr/local/xenon/usr/lib/libxenon.a(xenon_uart.o)
                              /usr/local/xenon/usr/lib/libxenon.a(newlib.o) (putch)
/usr/local/xenon/usr/lib/libxenon.a(xenon_sfcx.o)
                              main.o (rawflash_readImage)
/usr/local/xenon/usr/lib/libxenon.a(xenon_config.o)
                              /usr/local/xenon/usr/lib/libxenon.a(xenon_power.o) (xenon_config_init)
/usr/local/xenon/usr/lib/libxenon.a(xenos.o)
                              /usr/local/xenon/usr/lib/libxenon.a(c_except.o) (xenos_init)
/usr/local/xenon/usr/lib/libxenon.a(xenos_edid.o)
                              /usr/local/xenon/usr/lib/libxenon.a(xenos.o) (xenos_get_edid)
/usr/local/xenon/usr/lib/libxenon.a(enet.o)
                              /usr/local/xenon/usr/lib/libxenon.a(xenon_syscalls.o) (enet_quiesce)
/usr/local/xenon/usr/lib/libxenon.a(xb360.o)
                              /usr/local/xenon/usr/lib/libxenon.a(xenon_sfcx.o) (xenon_get_PCIBridgeRevisionID)
/usr/local/xenon/usr/lib/libxenon.a(console.o)
                              /usr/local/xenon/usr/lib/libxenon.a(c_except.o) (console_clrscr)
/usr/local/xenon/usr/lib/libxenon.a(lib_malloc.o)
                              /usr/local/xenon/usr/lib/libxenon.a(usbmain.o) (kmem_init)
/usr/local/xenon/usr/lib/libxenon.a(io.o)
                              /usr/local/xenon/usr/lib/libxenon.a(usbmain.o) (read32)
/usr/local/xenon/usr/lib/libxenon.a(ohci.o)
                              /usr/local/xenon/usr/lib/libxenon.a(usbmain.o) (ohci_driver)
/usr/local/xenon/usr/lib/libxenon.a(usbd.o)
                              /usr/local/xenon/usr/lib/libxenon.a(usbmain.o) (usb_poll)
/usr/local/xenon/usr/lib/libxenon.a(usbdevs.o)
                              /usr/local/xenon/usr/lib/libxenon.a(usbd.o) (usb_find_driver)
/usr/local/xenon/usr/lib/libxenon.a(usbhid.o)
                              /usr/local/xenon/usr/lib/libxenon.a(usbdevs.o) (usbhid_driver)
/usr/local/xenon/usr/lib/libxenon.a(usbhub.o)
                              /usr/local/xenon/usr/lib/libxenon.a(usbd.o) (usb_scan)
/usr/local/xenon/usr/lib/libxenon.a(usb_os.o)
                              /usr/local/xenon/usr/lib/libxenon.a(tinyehci.o) (ehci_maligned)
/usr/local/xenon/usr/lib/libxenon.a(xenon_gpio.o)
                              /usr/local/xenon/usr/lib/libxenon.a(enet.o) (xenon_gpio_control)
/usr/local/xenon/usr/lib/libxenon.a(cpusleep.o)
                              /usr/local/xenon/usr/lib/libxenon.a(xenon_power.o) (cpusleep)
/usr/local/xenon/usr/lib/libxenon.a(mem.o)
                              /usr/local/xenon/usr/lib/libxenon.a(enet.o) (mem_malloc)
[...]
Memory Configuration

Name             Origin             Length             Attributes
*default*        0x0000000000000000 0xffffffffffffffff

Linker script and memory map

LOAD /usr/local/xenon/lib/gcc/xenon/9.2.0/../../../../xenon/lib/../lib/crt1.o
LOAD /usr/local/xenon/lib/gcc/xenon/9.2.0/../../../../xenon/lib/../lib/crti.o
LOAD /usr/local/xenon/lib/gcc/xenon/9.2.0/32/crtbegin.o
LOAD main.o
LOAD /usr/local/xenon/usr/lib/libxenon.a
LOAD /usr/local/xenon/xenon/lib/32/libm.a
LOAD /usr/local/xenon/usr/lib/libfat.a
LOAD /usr/local/xenon/lib/gcc/xenon/9.2.0/32/libgcc.a
LOAD /usr/local/xenon/xenon/lib/32/libc.a
LOAD /usr/local/xenon/lib/gcc/xenon/9.2.0/32/libgcc.a
LOAD /usr/local/xenon/lib/gcc/xenon/9.2.0/32/crtend.o
LOAD /usr/local/xenon/lib/gcc/xenon/9.2.0/../../../../xenon/lib/../lib/crtn.o
                0x0000000080000000                . = 0x80000000

.text           0x0000000080000000    0x2b308
 *(.except*)
 .except        0x0000000080000000     0x1e30 /usr/local/xenon/usr/lib/libxenon.a(except.o)
                0x0000000080000000                secondary_lock
                0x0000000080000000                exc_base
                0x0000000080000004                secondary_alive
 *(.pagetable)
 .pagetable     0x0000000080001e30       0x40 /usr/local/xenon/usr/lib/libxenon.a(vm.o)
                0x0000000080001e30                pagetable
                0x0000000080001e70                pagetable_end = .
 *(.init*)
 .init          0x0000000080001e70        0xc /usr/local/xenon/lib/gcc/xenon/9.2.0/../../../../xenon/lib/../lib/crti.o
                0x0000000080001e70                _init
 *(.fini*)
 .fini          0x0000000080001e7c        0xc /usr/local/xenon/lib/gcc/xenon/9.2.0/../../../../xenon/lib/../lib/crti.o
                0x0000000080001e7c                _fini
 *(.text*)
 .text.call_ctors
                0x0000000080001e88       0x48 /usr/local/xenon/lib/gcc/xenon/9.2.0/../../../../xenon/lib/../lib/crt1.o
                0x0000000080001e88                call_ctors
 .text.c_register_frame
                0x0000000080001ed0        0xc /usr/local/xenon/lib/gcc/xenon/9.2.0/../../../../xenon/lib/../lib/crt1.o
                0x0000000080001ed0                c_register_frame
 .text.__crtmain
                0x0000000080001edc       0x2c /usr/local/xenon/lib/gcc/xenon/9.2.0/../../../../xenon/lib/../lib/crt1.o
                0x0000000080001edc                __crtmain
 .text          0x0000000080001f08      0x460 main.o
                0x0000000080001f08                write_to_file
                0x0000000080001fa0                dump_1bl
                0x00000000800020f8                get_nand_size
                0x0000000080002128                dump_nand
                0x0000000080002208                dump_fuses
                0x00000000800022f0                dump_data
 .text.startup  0x0000000080002368       0xc0 main.o
                0x0000000080002368                main
 .text.__check_argv
                0x0000000080002428       0x24 /usr/local/xenon/usr/lib/libxenon.a(argv.o)
                0x0000000080002428                __check_argv
 *fill*         0x000000008000244c       0xb4 
 .text          0x0000000080002500      0x2f4 /usr/local/xenon/usr/lib/libxenon.a(startup_from_xell.o)
                0x0000000080002500                _start
                0x00000000800026f8                wait
                0x0000000080002780                return_to_xell
 .text.xenon_ata_wait_ready
                0x00000000800027f4       0x1c /usr/local/xenon/usr/lib/libxenon.a(ata.o)
 .text.ata_startup
                0x0000000080002810        0x8 /usr/local/xenon/usr/lib/libxenon.a(ata.o)
 .text.ata_inserted
                0x0000000080002818       0x14 /usr/local/xenon/usr/lib/libxenon.a(ata.o)
 .text.ata_sectors
                0x000000008000282c        0xc /usr/local/xenon/usr/lib/libxenon.a(ata.o)
 .text.xenon_ata_dma_read
                0x0000000080002838      0x19c /usr/local/xenon/usr/lib/libxenon.a(ata.o)
 .text.xenon_ata_pio_read
                0x00000000800029d4       0xa8 /usr/local/xenon/usr/lib/libxenon.a(ata.o)
 .text.xenon_ata_setlba.constprop.0
                0x0000000080002a7c       0x38 /usr/local/xenon/usr/lib/libxenon.a(ata.o)
 .text.ata_shutdown
                0x0000000080002ab4        0x8 /usr/local/xenon/usr/lib/libxenon.a(ata.o)
 .text.ata_clearstatus
                0x0000000080002abc        0x8 /usr/local/xenon/usr/lib/libxenon.a(ata.o)
 .text.xenon_ata_pio_write
                0x0000000080002ac4       0x54 /usr/local/xenon/usr/lib/libxenon.a(ata.o)
 .text.xenon_atapi_packet
                0x0000000080002b18       0x7c /usr/local/xenon/usr/lib/libxenon.a(ata.o)
 .text.xenon_ata_identify
                0x0000000080002b94      0x278 /usr/local/xenon/usr/lib/libxenon.a(ata.o)
 .text.xenon_ata_setaddress.constprop.0
                0x0000000080002e0c      0x14c /usr/local/xenon/usr/lib/libxenon.a(ata.o)
 .text.ata_readsectors
                0x0000000080002f58       0x80 /usr/local/xenon/usr/lib/libxenon.a(ata.o)
 .text.ata_writesectors
                0x0000000080002fd8       0x90 /usr/local/xenon/usr/lib/libxenon.a(ata.o)
 .text.xenon_ata_init1
                0x0000000080003068      0x10c /usr/local/xenon/usr/lib/libxenon.a(ata.o)
                0x0000000080003068                xenon_ata_init1
 .text.xenon_ata_init
                0x0000000080003174       0x98 /usr/local/xenon/usr/lib/libxenon.a(ata.o)
                0x0000000080003174                xenon_ata_init
 .text.xenon_atapi_init
                0x000000008000320c       0x98 /usr/local/xenon/usr/lib/libxenon.a(ata.o)
                0x000000008000320c                xenon_atapi_init
 .text.vfs_console_write
                0x00000000800032a4       0x84 /usr/local/xenon/usr/lib/libxenon.a(newlib.o)
                0x00000000800032a4                vfs_console_write
 .text.__malloc_lock
                0x0000000080003328       0x18 /usr/local/xenon/usr/lib/libxenon.a(newlib.o)
                0x0000000080003328                __malloc_lock
 .text.__malloc_unlock
                0x0000000080003340       0x18 /usr/local/xenon/usr/lib/libxenon.a(newlib.o)
                0x0000000080003340                __malloc_unlock
 .text._exit    0x0000000080003358       0x2c /usr/local/xenon/usr/lib/libxenon.a(newlib.o)
                0x0000000080003358                _exit
 .text.sbrk     0x0000000080003384       0x34 /usr/local/xenon/usr/lib/libxenon.a(newlib.o)
                0x0000000080003384                sbrk
 .text.unlikely.abort
                0x00000000800033b8       0x2c /usr/local/xenon/usr/lib/libxenon.a(newlib.o)
                0x00000000800033b8                abort
 .text.gettimeofday
                0x00000000800033e4       0x3c /usr/local/xenon/usr/lib/libxenon.a(newlib.o)
                0x00000000800033e4                gettimeofday
 .text.isatty   0x0000000080003420        0x8 /usr/local/xenon/usr/lib/libxenon.a(newlib.o)
                0x0000000080003420                isatty
 .text.__release_handle
                0x0000000080003428       0x4c /usr/local/xenon/usr/lib/libxenon.a(newlib.o)
                0x0000000080003428                __release_handle
 .text.__alloc_handle
                0x0000000080003474       0x68 /usr/local/xenon/usr/lib/libxenon.a(newlib.o)
                0x0000000080003474                __alloc_handle
 .text.__get_handle
                0x00000000800034dc       0x28 /usr/local/xenon/usr/lib/libxenon.a(newlib.o)
                0x00000000800034dc                __get_handle
 .text.setDefaultDevice
                0x0000000080003504       0x18 /usr/local/xenon/usr/lib/libxenon.a(newlib.o)
                0x0000000080003504                setDefaultDevice
 .text.FindDevice
                0x000000008000351c       0xc0 /usr/local/xenon/usr/lib/libxenon.a(newlib.o)
                0x000000008000351c                FindDevice
 .text.RemoveDevice
                0x00000000800035dc       0x44 /usr/local/xenon/usr/lib/libxenon.a(newlib.o)
                0x00000000800035dc                RemoveDevice
 .text.AddDevice
                0x0000000080003620       0xa4 /usr/local/xenon/usr/lib/libxenon.a(newlib.o)
                0x0000000080003620                AddDevice
 .text.GetDeviceOpTab
                0x00000000800036c4       0x40 /usr/local/xenon/usr/lib/libxenon.a(newlib.o)
                0x00000000800036c4                GetDeviceOpTab
 .text.open     0x0000000080003704       0xd4 /usr/local/xenon/usr/lib/libxenon.a(newlib.o)
                0x0000000080003704                open
 .text.read     0x00000000800037d8       0xa4 /usr/local/xenon/usr/lib/libxenon.a(newlib.o)
                0x00000000800037d8                read
 .text.write    0x000000008000387c       0xac /usr/local/xenon/usr/lib/libxenon.a(newlib.o)
                0x000000008000387c                write
 .text.fstat    0x0000000080003928       0xa0 /usr/local/xenon/usr/lib/libxenon.a(newlib.o)
                0x0000000080003928                fstat
 .text.lseek    0x00000000800039c8       0xa4 /usr/local/xenon/usr/lib/libxenon.a(newlib.o)
                0x00000000800039c8                lseek
 .text.close    0x0000000080003a6c       0x88 /usr/local/xenon/usr/lib/libxenon.a(newlib.o)
                0x0000000080003a6c                close
 .text._concatenate_path
                0x0000000080003af4      0x1a4 /usr/local/xenon/usr/lib/libxenon.a(newlib.o)
                0x0000000080003af4                _concatenate_path
 .text.chdir    0x0000000080003c98      0x138 /usr/local/xenon/usr/lib/libxenon.a(newlib.o)
                0x0000000080003c98                chdir
 .text.bdev_enum
                0x0000000080003dd0       0x7c /usr/local/xenon/usr/lib/libxenon.a(newlib.o)
                0x0000000080003dd0                bdev_enum
 .text.xenon_sbrk
                0x0000000080003e4c       0x2c /usr/local/xenon/usr/lib/libxenon.a(xenon_syscalls.o)
 .text.xenon_gettimeofday
                0x0000000080003e78       0x78 /usr/local/xenon/usr/lib/libxenon.a(xenon_syscalls.o)
 .text.xenon_malloc_unlock
                0x0000000080003ef0       0xc4 /usr/local/xenon/usr/lib/libxenon.a(xenon_syscalls.o)
 .text.xenon_malloc_lock
                0x0000000080003fb4       0xf0 /usr/local/xenon/usr/lib/libxenon.a(xenon_syscalls.o)
 .text.shutdown_drivers
                0x00000000800040a4       0x30 /usr/local/xenon/usr/lib/libxenon.a(xenon_syscalls.o)
                0x00000000800040a4                shutdown_drivers
 .text.try_return_to_xell
                0x00000000800040d4       0x64 /usr/local/xenon/usr/lib/libxenon.a(xenon_syscalls.o)
                0x00000000800040d4                try_return_to_xell
 .text.xenon_exit
                0x0000000080004138      0x188 /usr/local/xenon/usr/lib/libxenon.a(xenon_syscalls.o)
 .text          0x00000000800042c0       0x94 /usr/local/xenon/usr/lib/libxenon.a(atomic.o)
                0x00000000800042c0                atomic_inc
                0x00000000800042d4                atomic_dec
                0x00000000800042e8                atomic_clearset
                0x0000000080004300                lock
                0x000000008000433c                unlock
 .text          0x0000000080004354       0xa8 /usr/local/xenon/usr/lib/libxenon.a(cache.o)
                0x0000000080004354                memdcbt
                0x000000008000437c                memdcbst
                0x00000000800043a4                memdcbf
                0x00000000800043cc                memicbi
 .text.flush_console
                0x00000000800043fc       0x48 /usr/local/xenon/usr/lib/libxenon.a(c_except.o)
 .text.crashdump
                0x0000000080004444      0x298 /usr/local/xenon/usr/lib/libxenon.a(c_except.o)
                0x0000000080004444                crashdump
 .text.tdelay   0x00000000800046dc       0x50 /usr/local/xenon/usr/lib/libxenon.a(time.o)
 .text.udelay   0x000000008000472c       0x24 /usr/local/xenon/usr/lib/libxenon.a(time.o)
                0x000000008000472c                udelay
 .text.mdelay   0x0000000080004750       0x18 /usr/local/xenon/usr/lib/libxenon.a(time.o)
                0x0000000080004750                mdelay
 .text.delay    0x0000000080004768       0x18 /usr/local/xenon/usr/lib/libxenon.a(time.o)
                0x0000000080004768                delay
 .text.usb_init_one_ohci
                0x0000000080004780       0xcc /usr/local/xenon/usr/lib/libxenon.a(usbmain.o)
 .text.usb_shutdown
                0x000000008000484c       0xb4 /usr/local/xenon/usr/lib/libxenon.a(usbmain.o)
                0x000000008000484c                usb_shutdown
 .text.usb_init
                0x0000000080004900      0x108 /usr/local/xenon/usr/lib/libxenon.a(usbmain.o)
                0x0000000080004900                usb_init
 .text.usb_do_poll
                0x0000000080004a08       0xa8 /usr/local/xenon/usr/lib/libxenon.a(usbmain.o)
                0x0000000080004a08                usb_do_poll
 .text.USBStorage_True
                0x0000000080004ab0        0x8 /usr/local/xenon/usr/lib/libxenon.a(tinyehci.o)
 .text.USBStorage_Inserted_0
                0x0000000080004ab8        0xc /usr/local/xenon/usr/lib/libxenon.a(tinyehci.o)
                0x0000000080004ab8                USBStorage_Inserted_0
 .text.USBStorage_Inserted_1
                0x0000000080004ac4        0xc /usr/local/xenon/usr/lib/libxenon.a(tinyehci.o)
                0x0000000080004ac4                USBStorage_Inserted_1
 .text.USBStorage_Inserted_2
                0x0000000080004ad0        0xc /usr/local/xenon/usr/lib/libxenon.a(tinyehci.o)
                0x0000000080004ad0                USBStorage_Inserted_2
 .text.qtd_fill
                0x0000000080004adc       0xb4 /usr/local/xenon/usr/lib/libxenon.a(tinyehci.o)
 .text.ehci_qtd_alloc
                0x0000000080004b90       0x7c /usr/local/xenon/usr/lib/libxenon.a(tinyehci.o)
 .text.handshake.isra.0
                0x0000000080004c0c      0x154 /usr/local/xenon/usr/lib/libxenon.a(tinyehci.o)
 .text.ehci_mem_init
                0x0000000080004d60       0xf0 /usr/local/xenon/usr/lib/libxenon.a(tinyehci.o)
                0x0000000080004d60                ehci_mem_init
 .text.qh_urb_transaction
                0x0000000080004e50      0x1b4 /usr/local/xenon/usr/lib/libxenon.a(tinyehci.o)
                0x0000000080004e50                qh_urb_transaction
 .text.ehci_do_urb
                0x0000000080005004      0x394 /usr/local/xenon/usr/lib/libxenon.a(tinyehci.o)
                0x0000000080005004                ehci_do_urb
 .text.ehci_control_message
                0x0000000080005398       0x84 /usr/local/xenon/usr/lib/libxenon.a(tinyehci.o)
                0x0000000080005398                ehci_control_message
 .text.ehci_bulk_message
                0x000000008000541c       0x48 /usr/local/xenon/usr/lib/libxenon.a(tinyehci.o)
                0x000000008000541c                ehci_bulk_message
 .text.__send_cbw
                0x0000000080005464      0x104 /usr/local/xenon/usr/lib/libxenon.a(tinyehci.o)
 .text.ehci_reset_port_old
                0x0000000080005568      0x194 /usr/local/xenon/usr/lib/libxenon.a(tinyehci.o)
                0x0000000080005568                ehci_reset_port_old
 .text.ehci_adquire_port
                0x00000000800056fc       0x90 /usr/local/xenon/usr/lib/libxenon.a(tinyehci.o)
                0x00000000800056fc                ehci_adquire_port
 .text.ehci_reset_usb_port
                0x000000008000578c      0x15c /usr/local/xenon/usr/lib/libxenon.a(tinyehci.o)
                0x000000008000578c                ehci_reset_usb_port
 .text.ehci_reset_port2
                0x00000000800058e8       0x64 /usr/local/xenon/usr/lib/libxenon.a(tinyehci.o)
                0x00000000800058e8                ehci_reset_port2
 .text.USB_FreeDescriptors
                0x000000008000594c       0xc4 /usr/local/xenon/usr/lib/libxenon.a(tinyehci.o)
                0x000000008000594c                USB_FreeDescriptors
 .text.USB_GetDescriptors
                0x0000000080005a10      0x358 /usr/local/xenon/usr/lib/libxenon.a(tinyehci.o)
                0x0000000080005a10                USB_GetDescriptors
 .text.USB_GetConfiguration
                0x0000000080005d68       0x80 /usr/local/xenon/usr/lib/libxenon.a(tinyehci.o)
                0x0000000080005d68                USB_GetConfiguration
 .text.USB_SetConfiguration
                0x0000000080005de8       0x1c /usr/local/xenon/usr/lib/libxenon.a(tinyehci.o)
                0x0000000080005de8                USB_SetConfiguration
 .text.USB_SetAlternativeInterface
                0x0000000080005e04       0x28 /usr/local/xenon/usr/lib/libxenon.a(tinyehci.o)
                0x0000000080005e04                USB_SetAlternativeInterface
 .text.USB_ClearHalt
                0x0000000080005e2c       0x1c /usr/local/xenon/usr/lib/libxenon.a(tinyehci.o)
                0x0000000080005e2c                USB_ClearHalt
 .text.ehci_init_port
                0x0000000080005e48      0x148 /usr/local/xenon/usr/lib/libxenon.a(tinyehci.o)
                0x0000000080005e48                ehci_init_port
 .text.ehci_reset_port
                0x0000000080005f90       0x50 /usr/local/xenon/usr/lib/libxenon.a(tinyehci.o)
                0x0000000080005f90                ehci_reset_port
 .text.ehci_reset_device
                0x0000000080005fe0        0x8 /usr/local/xenon/usr/lib/libxenon.a(tinyehci.o)
                0x0000000080005fe0                ehci_reset_device
 .text.ehci_discover
                0x0000000080005fe8       0x54 /usr/local/xenon/usr/lib/libxenon.a(tinyehci.o)
                0x0000000080005fe8                ehci_discover
 .text.EHCI_do_one
                0x000000008000603c      0x148 /usr/local/xenon/usr/lib/libxenon.a(tinyehci.o)
 .text.find_ehci_data
                0x0000000080006184       0x3c /usr/local/xenon/usr/lib/libxenon.a(tinyehci.o)
                0x0000000080006184                find_ehci_data
 .text.USBStorage_Close
                0x00000000800061c0       0x40 /usr/local/xenon/usr/lib/libxenon.a(tinyehci.o)
                0x00000000800061c0                USBStorage_Close
 .text.USBStorage_ReadCapacity
                0x0000000080006200       0xbc /usr/local/xenon/usr/lib/libxenon.a(tinyehci.o)
                0x0000000080006200                USBStorage_ReadCapacity
 .text.USBStorage_MountLUN
                0x00000000800062bc      0x1bc /usr/local/xenon/usr/lib/libxenon.a(tinyehci.o)
                0x00000000800062bc                USBStorage_MountLUN
 .text.__usbstorage_reset.isra.0
                0x0000000080006478      0x19c /usr/local/xenon/usr/lib/libxenon.a(tinyehci.o)
 .text.USBStorage_Open
                0x0000000080006614      0x308 /usr/local/xenon/usr/lib/libxenon.a(tinyehci.o)
                0x0000000080006614                USBStorage_Open
 .text.__cycle.constprop.0
                0x000000008000691c      0x2a8 /usr/local/xenon/usr/lib/libxenon.a(tinyehci.o)
 .text.USBStorage_Inquiry
                0x0000000080006bc4       0x94 /usr/local/xenon/usr/lib/libxenon.a(tinyehci.o)
                0x0000000080006bc4                USBStorage_Inquiry
 .text.USBStorage_Read
                0x0000000080006c58      0x128 /usr/local/xenon/usr/lib/libxenon.a(tinyehci.o)
                0x0000000080006c58                USBStorage_Read
 .text.USBStorage_Write
                0x0000000080006d80      0x128 /usr/local/xenon/usr/lib/libxenon.a(tinyehci.o)
                0x0000000080006d80                USBStorage_Write
 .text.USBStorage_Try_Device
                0x0000000080006ea8      0x14c /usr/local/xenon/usr/lib/libxenon.a(tinyehci.o)
                0x0000000080006ea8                USBStorage_Try_Device
 .text.USBStorage_Init
                0x0000000080006ff4      0x208 /usr/local/xenon/usr/lib/libxenon.a(tinyehci.o)
                0x0000000080006ff4                USBStorage_Init
 .text.USBStorage_Get_Capacity
                0x00000000800071fc       0x6c /usr/local/xenon/usr/lib/libxenon.a(tinyehci.o)
                0x00000000800071fc                USBStorage_Get_Capacity
 .text.USBStorage_devsectors_0
                0x0000000080007268       0x28 /usr/local/xenon/usr/lib/libxenon.a(tinyehci.o)
                0x0000000080007268                USBStorage_devsectors_0
 .text.USBStorage_devsectors_1
                0x0000000080007290       0x28 /usr/local/xenon/usr/lib/libxenon.a(tinyehci.o)
                0x0000000080007290                USBStorage_devsectors_1
 .text.USBStorage_devsectors_2
                0x00000000800072b8       0x28 /usr/local/xenon/usr/lib/libxenon.a(tinyehci.o)
                0x00000000800072b8                USBStorage_devsectors_2
 .text.unplug_procedure
                0x00000000800072e0       0xd4 /usr/local/xenon/usr/lib/libxenon.a(tinyehci.o)
                0x00000000800072e0                unplug_procedure
 .text.USBStorage_Read_Sectors
                0x00000000800073b4      0x110 /usr/local/xenon/usr/lib/libxenon.a(tinyehci.o)
                0x00000000800073b4                USBStorage_Read_Sectors
 .text.USBStorage_Read_Sectors_0
                0x00000000800074c4       0x14 /usr/local/xenon/usr/lib/libxenon.a(tinyehci.o)
                0x00000000800074c4                USBStorage_Read_Sectors_0
 .text.USBStorage_Read_Sectors_1
                0x00000000800074d8       0x14 /usr/local/xenon/usr/lib/libxenon.a(tinyehci.o)
                0x00000000800074d8                USBStorage_Read_Sectors_1
 .text.USBStorage_Read_Sectors_2
                0x00000000800074ec       0x14 /usr/local/xenon/usr/lib/libxenon.a(tinyehci.o)
                0x00000000800074ec                USBStorage_Read_Sectors_2
 .text.USBStorage_Write_Sectors
                0x0000000080007500      0x110 /usr/local/xenon/usr/lib/libxenon.a(tinyehci.o)
                0x0000000080007500                USBStorage_Write_Sectors
 .text.USBStorage_Write_Sectors_0
                0x0000000080007610       0x14 /usr/local/xenon/usr/lib/libxenon.a(tinyehci.o)
                0x0000000080007610                USBStorage_Write_Sectors_0
 .text.USBStorage_Write_Sectors_1
                0x0000000080007624       0x14 /usr/local/xenon/usr/lib/libxenon.a(tinyehci.o)
                0x0000000080007624                USBStorage_Write_Sectors_1
 .text.USBStorage_Write_Sectors_2
                0x0000000080007638       0x14 /usr/local/xenon/usr/lib/libxenon.a(tinyehci.o)
                0x0000000080007638                USBStorage_Write_Sectors_2
 .text.EHCI_Init
                0x000000008000764c       0x50 /usr/local/xenon/usr/lib/libxenon.a(tinyehci.o)
                0x000000008000764c                EHCI_Init
 .text.data_breakpoint
                0x000000008000769c       0x38 /usr/local/xenon/usr/lib/libxenon.a(debug.o)
                0x000000008000769c                data_breakpoint
 .text.uprintf  0x00000000800076d4       0x94 /usr/local/xenon/usr/lib/libxenon.a(xenon_smc.o)
                0x00000000800076d4                uprintf
 .text.xenon_smc_send_message
                0x0000000080007768       0x98 /usr/local/xenon/usr/lib/libxenon.a(xenon_smc.o)
                0x0000000080007768                xenon_smc_send_message
 .text.xenon_smc_receive_message
                0x0000000080007800       0x84 /usr/local/xenon/usr/lib/libxenon.a(xenon_smc.o)
                0x0000000080007800                xenon_smc_receive_message
 .text.xenon_smc_handle_bulk
                0x0000000080007884       0x6c /usr/local/xenon/usr/lib/libxenon.a(xenon_smc.o)
                0x0000000080007884                xenon_smc_handle_bulk
 .text.xenon_smc_receive_response
                0x00000000800078f0       0x44 /usr/local/xenon/usr/lib/libxenon.a(xenon_smc.o)
                0x00000000800078f0                xenon_smc_receive_response
 .text.xenon_smc_ana_write
                0x0000000080007934       0x84 /usr/local/xenon/usr/lib/libxenon.a(xenon_smc.o)
                0x0000000080007934                xenon_smc_ana_write
 .text.xenon_smc_ana_read
                0x00000000800079b8       0x8c /usr/local/xenon/usr/lib/libxenon.a(xenon_smc.o)
                0x00000000800079b8                xenon_smc_ana_read
 .text.xenon_smc_i2c_ddc_lock
                0x0000000080007a44       0x78 /usr/local/xenon/usr/lib/libxenon.a(xenon_smc.o)
                0x0000000080007a44                xenon_smc_i2c_ddc_lock
 .text.xenon_smc_i2c_write
                0x0000000080007abc       0xa8 /usr/local/xenon/usr/lib/libxenon.a(xenon_smc.o)
                0x0000000080007abc                xenon_smc_i2c_write
 .text.xenon_smc_i2c_read
                0x0000000080007b64       0xc0 /usr/local/xenon/usr/lib/libxenon.a(xenon_smc.o)
                0x0000000080007b64                xenon_smc_i2c_read
 .text.xenon_smc_power_shutdown
                0x0000000080007c24       0x38 /usr/local/xenon/usr/lib/libxenon.a(xenon_smc.o)
                0x0000000080007c24                xenon_smc_power_shutdown
 .text.xenon_smc_power_reboot
                0x0000000080007c5c       0x3c /usr/local/xenon/usr/lib/libxenon.a(xenon_smc.o)
                0x0000000080007c5c                xenon_smc_power_reboot
 .text.xenon_smc_read_avpack
                0x0000000080007c98       0x44 /usr/local/xenon/usr/lib/libxenon.a(xenon_smc.o)
                0x0000000080007c98                xenon_smc_read_avpack
 .text.xenon_smc_set_fan_algorithm
                0x0000000080007cdc       0x3c /usr/local/xenon/usr/lib/libxenon.a(xenon_smc.o)
                0x0000000080007cdc                xenon_smc_set_fan_algorithm
 .text.wakeup_cpus
                0x0000000080007d18       0xb0 /usr/local/xenon/usr/lib/libxenon.a(xenon_power.o)
                0x0000000080007d18                wakeup_cpus
 .text.prepare_sleep
                0x0000000080007dc8       0x74 /usr/local/xenon/usr/lib/libxenon.a(xenon_power.o)
                0x0000000080007dc8                prepare_sleep
 .text.xenon_thread_sleep
                0x0000000080007e3c       0x58 /usr/local/xenon/usr/lib/libxenon.a(xenon_power.o)
                0x0000000080007e3c                xenon_thread_sleep
 .text.xenon_set_speed
                0x0000000080007e94      0x300 /usr/local/xenon/usr/lib/libxenon.a(xenon_power.o)
                0x0000000080007e94                xenon_set_speed
 .text.xenon_run_thread_task
                0x0000000080008194       0x38 /usr/local/xenon/usr/lib/libxenon.a(xenon_power.o)
                0x0000000080008194                xenon_run_thread_task
 .text.xenon_is_thread_task_running
                0x00000000800081cc       0x1c /usr/local/xenon/usr/lib/libxenon.a(xenon_power.o)
                0x00000000800081cc                xenon_is_thread_task_running
 .text.xenon_thread_startup
                0x00000000800081e8       0x48 /usr/local/xenon/usr/lib/libxenon.a(xenon_power.o)
                0x00000000800081e8                xenon_thread_startup
 .text.xenon_set_single_thread_mode
                0x0000000080008230       0x94 /usr/local/xenon/usr/lib/libxenon.a(xenon_power.o)
                0x0000000080008230                xenon_set_single_thread_mode
 .text.xenon_make_it_faster
                0x00000000800082c4       0xd8 /usr/local/xenon/usr/lib/libxenon.a(xenon_power.o)
                0x00000000800082c4                xenon_make_it_faster
 .text.xenon_secotp_read_line
                0x000000008000839c       0x20 /usr/local/xenon/usr/lib/libxenon.a(xenon_secotp.o)
                0x000000008000839c                xenon_secotp_read_line
 .text.putch    0x00000000800083bc       0x50 /usr/local/xenon/usr/lib/libxenon.a(xenon_uart.o)
                0x00000000800083bc                putch
 .text.kbhit    0x000000008000840c       0x1c /usr/local/xenon/usr/lib/libxenon.a(xenon_uart.o)
                0x000000008000840c                kbhit
 .text.getch    0x0000000080008428       0x38 /usr/local/xenon/usr/lib/libxenon.a(xenon_uart.o)
                0x0000000080008428                getch
 .text.uart_puts
                0x0000000080008460       0x30 /usr/local/xenon/usr/lib/libxenon.a(xenon_uart.o)
                0x0000000080008460                uart_puts
 .text.sfcx_readreg
                0x0000000080008490       0x10 /usr/local/xenon/usr/lib/libxenon.a(xenon_sfcx.o)
                0x0000000080008490                sfcx_readreg
 .text.sfcx_read_page
                0x00000000800084a0      0x144 /usr/local/xenon/usr/lib/libxenon.a(xenon_sfcx.o)
                0x00000000800084a0                sfcx_read_page
 .text.sfcx_read_block
                0x00000000800085e4       0x80 /usr/local/xenon/usr/lib/libxenon.a(xenon_sfcx.o)
                0x00000000800085e4                sfcx_read_block
 .text.sfcx_is_pagevalid
                0x0000000080008664       0x54 /usr/local/xenon/usr/lib/libxenon.a(xenon_sfcx.o)
                0x0000000080008664                sfcx_is_pagevalid
 .text.rawflash_readImage
                0x00000000800086b8      0x1c8 /usr/local/xenon/usr/lib/libxenon.a(xenon_sfcx.o)
                0x00000000800086b8                rawflash_readImage
 .text.sfcx_init
                0x0000000080008880      0x2ec /usr/local/xenon/usr/lib/libxenon.a(xenon_sfcx.o)
                0x0000000080008880                sfcx_init
 .text.xenon_config_init
                0x0000000080008b6c       0xa4 /usr/local/xenon/usr/lib/libxenon.a(xenon_config.o)
                0x0000000080008b6c                xenon_config_init
 .text.xenon_config_get_avregion
                0x0000000080008c10       0x90 /usr/local/xenon/usr/lib/libxenon.a(xenon_config.o)
                0x0000000080008c10                xenon_config_get_avregion
 .text.xenon_config_get_vid_delta
                0x0000000080008ca0       0x40 /usr/local/xenon/usr/lib/libxenon.a(xenon_config.o)
                0x0000000080008ca0                xenon_config_get_vid_delta
 .text.xenos_write32
                0x0000000080008ce0        0x8 /usr/local/xenon/usr/lib/libxenon.a(xenos.o)
                0x0000000080008ce0                xenos_write32
 .text.xenos_read32
                0x0000000080008ce8        0x8 /usr/local/xenon/usr/lib/libxenon.a(xenos.o)
                0x0000000080008ce8                xenos_read32
 .text.xenos_ana_write
                0x0000000080008cf0       0xc8 /usr/local/xenon/usr/lib/libxenon.a(xenos.o)
 .text.xenos_init_ana_new
                0x0000000080008db8      0x560 /usr/local/xenon/usr/lib/libxenon.a(xenos.o)
                0x0000000080008db8                xenos_init_ana_new
 .text.xenos_init_phase0
                0x0000000080009318       0xa8 /usr/local/xenon/usr/lib/libxenon.a(xenos.o)
                0x0000000080009318                xenos_init_phase0
 .text.xenos_init_phase1
                0x00000000800093c0      0x420 /usr/local/xenon/usr/lib/libxenon.a(xenos.o)
                0x00000000800093c0                xenos_init_phase1
 .text.xenos_ana_preinit
                0x00000000800097e0       0xd8 /usr/local/xenon/usr/lib/libxenon.a(xenos.o)
                0x00000000800097e0                xenos_ana_preinit
 .text.xenos_set_mode_f1
                0x00000000800098b8      0x194 /usr/local/xenon/usr/lib/libxenon.a(xenos.o)
                0x00000000800098b8                xenos_set_mode_f1
 .text.xenos_set_mode_f2
                0x0000000080009a4c      0x3e0 /usr/local/xenon/usr/lib/libxenon.a(xenos.o)
                0x0000000080009a4c                xenos_set_mode_f2
 .text.xenos_set_mode
                0x0000000080009e2c      0x3f4 /usr/local/xenon/usr/lib/libxenon.a(xenos.o)
                0x0000000080009e2c                xenos_set_mode
 .text.xenos_hdmi_vga_mode_fix
                0x000000008000a220       0x40 /usr/local/xenon/usr/lib/libxenon.a(xenos.o)
                0x000000008000a220                xenos_hdmi_vga_mode_fix
 .text.xenos_autoset_mode
                0x000000008000a260      0x178 /usr/local/xenon/usr/lib/libxenon.a(xenos.o)
                0x000000008000a260                xenos_autoset_mode
 .text.xenos_init
                0x000000008000a3d8      0x154 /usr/local/xenon/usr/lib/libxenon.a(xenos.o)
                0x000000008000a3d8                xenos_init
 .text.xenos_is_overscan
                0x000000008000a52c       0x38 /usr/local/xenon/usr/lib/libxenon.a(xenos.o)
                0x000000008000a52c                xenos_is_overscan
 .text.xenos_is_initialized
                0x000000008000a564       0x14 /usr/local/xenon/usr/lib/libxenon.a(xenos.o)
                0x000000008000a564                xenos_is_initialized
 .text.xenos_do_probe_ddc_edid
                0x000000008000a578      0x194 /usr/local/xenon/usr/lib/libxenon.a(xenos_edid.o)
                0x000000008000a578                xenos_do_probe_ddc_edid
 .text.xenos_ddc_read_edid
                0x000000008000a70c      0x138 /usr/local/xenon/usr/lib/libxenon.a(xenos_edid.o)
 .text.xenos_get_edid
                0x000000008000a844       0xa4 /usr/local/xenon/usr/lib/libxenon.a(xenos_edid.o)
                0x000000008000a844                xenos_get_edid
 .text.xenos_detect_hdmi_monitor
                0x000000008000a8e8       0xd8 /usr/local/xenon/usr/lib/libxenon.a(xenos_edid.o)
                0x000000008000a8e8                xenos_detect_hdmi_monitor
 .text.enet_quiesce
                0x000000008000a9c0       0x38 /usr/local/xenon/usr/lib/libxenon.a(enet.o)
                0x000000008000a9c0                enet_quiesce
 .text.xenon_get_DVE
                0x000000008000a9f8       0x34 /usr/local/xenon/usr/lib/libxenon.a(xb360.o)
                0x000000008000a9f8                xenon_get_DVE
 .text.xenon_get_PCIBridgeRevisionID
                0x000000008000aa2c       0x2c /usr/local/xenon/usr/lib/libxenon.a(xb360.o)
                0x000000008000aa2c                xenon_get_PCIBridgeRevisionID
 .text.xenon_get_XenosID
                0x000000008000aa58       0x28 /usr/local/xenon/usr/lib/libxenon.a(xb360.o)
                0x000000008000aa58                xenon_get_XenosID
 .text.xenon_get_console_type
                0x000000008000aa80       0xc0 /usr/local/xenon/usr/lib/libxenon.a(xb360.o)
                0x000000008000aa80                xenon_get_console_type
 .text.xenon_logical_nand_data_ok
                0x000000008000ab40       0x18 /usr/local/xenon/usr/lib/libxenon.a(xb360.o)
                0x000000008000ab40                xenon_logical_nand_data_ok
 .text.xenon_get_logical_nand_data
                0x000000008000ab58       0x50 /usr/local/xenon/usr/lib/libxenon.a(xb360.o)
                0x000000008000ab58                xenon_get_logical_nand_data
 .text.console_clrscr
                0x000000008000aba8       0x7c /usr/local/xenon/usr/lib/libxenon.a(console.o)
                0x000000008000aba8                console_clrscr
 .text.console_newline
                0x000000008000ac24       0xd8 /usr/local/xenon/usr/lib/libxenon.a(console.o)
                0x000000008000ac24                console_newline
 .text.console_putch
                0x000000008000acfc      0x184 /usr/local/xenon/usr/lib/libxenon.a(console.o)
                0x000000008000acfc                console_putch
 .text.console_stdout_hook
                0x000000008000ae80       0x3c /usr/local/xenon/usr/lib/libxenon.a(console.o)
 .text.console_init
                0x000000008000aebc      0x148 /usr/local/xenon/usr/lib/libxenon.a(console.o)
                0x000000008000aebc                console_init
 .text.console_set_colors
                0x000000008000b004       0x14 /usr/local/xenon/usr/lib/libxenon.a(console.o)
                0x000000008000b004                console_set_colors
 .text.kfree    0x000000008000b018       0xb4 /usr/local/xenon/usr/lib/libxenon.a(lib_malloc.o)
                0x000000008000b018                kfree
 .text.lib_outofmemory
                0x000000008000b0cc        0xc /usr/local/xenon/usr/lib/libxenon.a(lib_malloc.o)
                0x000000008000b0cc                lib_outofmemory
 .text.kmalloc  0x000000008000b0d8      0x130 /usr/local/xenon/usr/lib/libxenon.a(lib_malloc.o)
                0x000000008000b0d8                kmalloc
 .text.kmem_init
                0x000000008000b208       0x70 /usr/local/xenon/usr/lib/libxenon.a(lib_malloc.o)
                0x000000008000b208                kmem_init
 .text.read32   0x000000008000b278        0x8 /usr/local/xenon/usr/lib/libxenon.a(io.o)
                0x000000008000b278                read32
 .text.read32n  0x000000008000b280        0x8 /usr/local/xenon/usr/lib/libxenon.a(io.o)
                0x000000008000b280                read32n
 .text.write32  0x000000008000b288        0x8 /usr/local/xenon/usr/lib/libxenon.a(io.o)
                0x000000008000b288                write32
 .text.write32n
                0x000000008000b290        0x8 /usr/local/xenon/usr/lib/libxenon.a(io.o)
                0x000000008000b290                write32n
 .text._ohci_allocept
                0x000000008000b298       0x60 /usr/local/xenon/usr/lib/libxenon.a(ohci.o)
 .text._ohci_allocxfer
                0x000000008000b2f8       0x54 /usr/local/xenon/usr/lib/libxenon.a(ohci.o)
 .text.ohci_delete
                0x000000008000b34c        0x4 /usr/local/xenon/usr/lib/libxenon.a(ohci.o)
 .text.ohci_ept_setaddr
                0x000000008000b350       0x38 /usr/local/xenon/usr/lib/libxenon.a(ohci.o)
 .text.ohci_ept_setmps
                0x000000008000b388       0x40 /usr/local/xenon/usr/lib/libxenon.a(ohci.o)
 .text._ohci_queueept
                0x000000008000b3c8       0x5c /usr/local/xenon/usr/lib/libxenon.a(ohci.o)
 .text.ohci_ept_create
                0x000000008000b424      0x130 /usr/local/xenon/usr/lib/libxenon.a(ohci.o)
 .text.ohci_ept_cleartoggle
                0x000000008000b554       0x44 /usr/local/xenon/usr/lib/libxenon.a(ohci.o)
 .text.ohci_stop
                0x000000008000b598       0x14 /usr/local/xenon/usr/lib/libxenon.a(ohci.o)
 .text.ohci_ept_delete
                0x000000008000b5ac      0x1d0 /usr/local/xenon/usr/lib/libxenon.a(ohci.o)
 .text.ohci_start
                0x000000008000b77c      0x19c /usr/local/xenon/usr/lib/libxenon.a(ohci.o)
 .text.ohci_roothub_strdscr
                0x000000008000b918       0x6c /usr/local/xenon/usr/lib/libxenon.a(ohci.o)
 .text.ohci_intr
                0x000000008000b984      0x1f0 /usr/local/xenon/usr/lib/libxenon.a(ohci.o)
 .text._ohci_dma_alloc
                0x000000008000bb74       0x50 /usr/local/xenon/usr/lib/libxenon.a(ohci.o)
 .text.ohci_xfer
                0x000000008000bbc4      0x76c /usr/local/xenon/usr/lib/libxenon.a(ohci.o)
 .text.ohci_create
                0x000000008000c330      0x2a0 /usr/local/xenon/usr/lib/libxenon.a(ohci.o)
 .text.usb_create_pipe
                0x000000008000c5d0       0xcc /usr/local/xenon/usr/lib/libxenon.a(usbd.o)
                0x000000008000c5d0                usb_create_pipe
 .text.usb_open_pipe
                0x000000008000c69c       0x78 /usr/local/xenon/usr/lib/libxenon.a(usbd.o)
                0x000000008000c69c                usb_open_pipe
 .text.usb_destroy_all_pipes
                0x000000008000c714       0x70 /usr/local/xenon/usr/lib/libxenon.a(usbd.o)
                0x000000008000c714                usb_destroy_all_pipes
 .text.usb_destroy_device
                0x000000008000c784       0x50 /usr/local/xenon/usr/lib/libxenon.a(usbd.o)
                0x000000008000c784                usb_destroy_device
 .text.usb_create_device
                0x000000008000c7d4       0x78 /usr/local/xenon/usr/lib/libxenon.a(usbd.o)
                0x000000008000c7d4                usb_create_device
 .text.usb_make_request
                0x000000008000c84c       0x8c /usr/local/xenon/usr/lib/libxenon.a(usbd.o)
                0x000000008000c84c                usb_make_request
 .text.usb_poll
                0x000000008000c8d8       0x10 /usr/local/xenon/usr/lib/libxenon.a(usbd.o)
                0x000000008000c8d8                usb_poll
 .text.usb_daemon
                0x000000008000c8e8       0x18 /usr/local/xenon/usr/lib/libxenon.a(usbd.o)
                0x000000008000c8e8                usb_daemon
 .text.usb_free_request
                0x000000008000c900       0x28 /usr/local/xenon/usr/lib/libxenon.a(usbd.o)
                0x000000008000c900                usb_free_request
 .text.usb_delay_ms
                0x000000008000c928        0x8 /usr/local/xenon/usr/lib/libxenon.a(usbd.o)
                0x000000008000c928                usb_delay_ms
 .text.usb_queue_request
                0x000000008000c930       0x34 /usr/local/xenon/usr/lib/libxenon.a(usbd.o)
                0x000000008000c930                usb_queue_request
 .text.usb_wait_request
                0x000000008000c964       0x3c /usr/local/xenon/usr/lib/libxenon.a(usbd.o)
                0x000000008000c964                usb_wait_request
 .text.usb_sync_request
                0x000000008000c9a0       0x30 /usr/local/xenon/usr/lib/libxenon.a(usbd.o)
                0x000000008000c9a0                usb_sync_request
 .text.usb_new_address
                0x000000008000c9d0       0x34 /usr/local/xenon/usr/lib/libxenon.a(usbd.o)
                0x000000008000c9d0                usb_new_address
 .text.usb_set_ep0mps
                0x000000008000ca04       0x58 /usr/local/xenon/usr/lib/libxenon.a(usbd.o)
                0x000000008000ca04                usb_set_ep0mps
 .text.usb_clear_stall
                0x000000008000ca5c       0xf0 /usr/local/xenon/usr/lib/libxenon.a(usbd.o)
                0x000000008000ca5c                usb_clear_stall
 .text.usb_std_request
                0x000000008000cb4c      0x234 /usr/local/xenon/usr/lib/libxenon.a(usbd.o)
                0x000000008000cb4c                usb_std_request
 .text.usb_simple_request
                0x000000008000cd80       0x18 /usr/local/xenon/usr/lib/libxenon.a(usbd.o)
                0x000000008000cd80                usb_simple_request
 .text.usb_set_configuration
                0x000000008000cd98       0x14 /usr/local/xenon/usr/lib/libxenon.a(usbd.o)
                0x000000008000cd98                usb_set_configuration
 .text.usb_set_address
                0x000000008000cdac       0x98 /usr/local/xenon/usr/lib/libxenon.a(usbd.o)
                0x000000008000cdac                usb_set_address
 .text.usb_get_descriptor
                0x000000008000ce44       0x20 /usr/local/xenon/usr/lib/libxenon.a(usbd.o)
                0x000000008000ce44                usb_get_descriptor
 .text.usb_get_string
                0x000000008000ce64       0xfc /usr/local/xenon/usr/lib/libxenon.a(usbd.o)
                0x000000008000ce64                usb_get_string
 .text.usb_get_device_descriptor
                0x000000008000cf60       0x90 /usr/local/xenon/usr/lib/libxenon.a(usbd.o)
                0x000000008000cf60                usb_get_device_descriptor
 .text.usb_get_config_descriptor
                0x000000008000cff0       0x8c /usr/local/xenon/usr/lib/libxenon.a(usbd.o)
                0x000000008000cff0                usb_get_config_descriptor
 .text.usb_get_device_status
                0x000000008000d07c       0x1c /usr/local/xenon/usr/lib/libxenon.a(usbd.o)
                0x000000008000d07c                usb_get_device_status
 .text.usb_complete_request
                0x000000008000d098       0x20 /usr/local/xenon/usr/lib/libxenon.a(usbd.o)
                0x000000008000d098                usb_complete_request
 .text.usb_initroot
                0x000000008000d0b8      0x148 /usr/local/xenon/usr/lib/libxenon.a(usbd.o)
                0x000000008000d0b8                usb_initroot
 .text.usb_find_cfg_descr
                0x000000008000d200       0x4c /usr/local/xenon/usr/lib/libxenon.a(usbd.o)
                0x000000008000d200                usb_find_cfg_descr
 .text.usb_find_driver
                0x000000008000d24c      0x148 /usr/local/xenon/usr/lib/libxenon.a(usbdevs.o)
                0x000000008000d24c                usb_find_driver
 .text.usbhid_detach
                0x000000008000d394        0x8 /usr/local/xenon/usr/lib/libxenon.a(usbhid.o)
 .text.usbhid_attach
                0x000000008000d39c      0x160 /usr/local/xenon/usr/lib/libxenon.a(usbhid.o)
 .text.usbhid_ireq_callback
                0x000000008000d4fc      0x178 /usr/local/xenon/usr/lib/libxenon.a(usbhid.o)
 .text.usbhub_markdetached1
                0x000000008000d674       0x14 /usr/local/xenon/usr/lib/libxenon.a(usbhub.o)
 .text.usbhub_get_port_status
                0x000000008000d688       0x1c /usr/local/xenon/usr/lib/libxenon.a(usbhub.o)
 .text.usbhub_ireq_callback
                0x000000008000d6a4       0x88 /usr/local/xenon/usr/lib/libxenon.a(usbhub.o)
 .text.usbhub_map_tree1
                0x000000008000d72c       0x78 /usr/local/xenon/usr/lib/libxenon.a(usbhub.o)
 .text.usbhub_detach
                0x000000008000d7a4      0x148 /usr/local/xenon/usr/lib/libxenon.a(usbhub.o)
 .text.usbhub_attach
                0x000000008000d8ec      0x194 /usr/local/xenon/usr/lib/libxenon.a(usbhub.o)
 .text.usbhub_map_tree
                0x000000008000da80       0x14 /usr/local/xenon/usr/lib/libxenon.a(usbhub.o)
                0x000000008000da80                usbhub_map_tree
 .text.usbhub_map_from_device
                0x000000008000da94       0x10 /usr/local/xenon/usr/lib/libxenon.a(usbhub.o)
                0x000000008000da94                usbhub_map_from_device
 .text.usbhub_scan1
                0x000000008000daa4      0x52c /usr/local/xenon/usr/lib/libxenon.a(usbhub.o)
 .text.usb_scan
                0x000000008000dfd0       0x10 /usr/local/xenon/usr/lib/libxenon.a(usbhub.o)
                0x000000008000dfd0                usb_scan
 .text.ehci_maligned
                0x000000008000dfe0       0x88 /usr/local/xenon/usr/lib/libxenon.a(usb_os.o)
                0x000000008000dfe0                ehci_maligned
 .text.ehci_virt_to_dma
                0x000000008000e068        0x8 /usr/local/xenon/usr/lib/libxenon.a(usb_os.o)
                0x000000008000e068                ehci_virt_to_dma
 .text.ehci_dma_map_to
                0x000000008000e070       0x24 /usr/local/xenon/usr/lib/libxenon.a(usb_os.o)
                0x000000008000e070                ehci_dma_map_to
 .text.ehci_dma_map_from
                0x000000008000e094       0x24 /usr/local/xenon/usr/lib/libxenon.a(usb_os.o)
                0x000000008000e094                ehci_dma_map_from
 .text.ehci_dma_map_bidir
                0x000000008000e0b8       0x24 /usr/local/xenon/usr/lib/libxenon.a(usb_os.o)
                0x000000008000e0b8                ehci_dma_map_bidir
 .text.ehci_dma_unmap_to
                0x000000008000e0dc        0x8 /usr/local/xenon/usr/lib/libxenon.a(usb_os.o)
                0x000000008000e0dc                ehci_dma_unmap_to
 .text.ehci_dma_unmap_from
                0x000000008000e0e4        0x4 /usr/local/xenon/usr/lib/libxenon.a(usb_os.o)
                0x000000008000e0e4                ehci_dma_unmap_from
 .text.ehci_dma_unmap_bidir
                0x000000008000e0e8        0x4 /usr/local/xenon/usr/lib/libxenon.a(usb_os.o)
                0x000000008000e0e8                ehci_dma_unmap_bidir
 .text.ehci_usleep
                0x000000008000e0ec        0x4 /usr/local/xenon/usr/lib/libxenon.a(usb_os.o)
                0x000000008000e0ec                ehci_usleep
 .text.ehci_msleep
                0x000000008000e0f0        0x4 /usr/local/xenon/usr/lib/libxenon.a(usb_os.o)
                0x000000008000e0f0                ehci_msleep
 .text.USB_Alloc
                0x000000008000e0f4        0x4 /usr/local/xenon/usr/lib/libxenon.a(usb_os.o)
                0x000000008000e0f4                USB_Alloc
 .text.USB_Free
                0x000000008000e0f8        0x4 /usr/local/xenon/usr/lib/libxenon.a(usb_os.o)
                0x000000008000e0f8                USB_Free
 .text.xenon_gpio_set_oe
                0x000000008000e0fc       0x54 /usr/local/xenon/usr/lib/libxenon.a(xenon_gpio.o)
                0x000000008000e0fc                xenon_gpio_set_oe
 .text.xenon_gpio_set
                0x000000008000e150       0x54 /usr/local/xenon/usr/lib/libxenon.a(xenon_gpio.o)
                0x000000008000e150                xenon_gpio_set
 .text          0x000000008000e1a4       0x3c /usr/local/xenon/usr/lib/libxenon.a(cpusleep.o)
                0x000000008000e1a4                cpusleep
 .text.q_enqueue
                0x000000008000e1e0       0x18 /usr/local/xenon/usr/lib/libxenon.a(lib_queue.o)
                0x000000008000e1e0                q_enqueue
 .text.q_deqnext
                0x000000008000e1f8       0x2c /usr/local/xenon/usr/lib/libxenon.a(lib_queue.o)
                0x000000008000e1f8                q_deqnext
 .text.dummy_attach
                0x000000008000e224        0x8 /usr/local/xenon/usr/lib/libxenon.a(dummy.o)
 .text.dummy_detach
                0x000000008000e22c        0x8 /usr/local/xenon/usr/lib/libxenon.a(dummy.o)
 .text.usbctrl_queue_intreq
                0x000000008000e234       0x4c /usr/local/xenon/usr/lib/libxenon.a(usbctrl.o)
 .text.usbctrl_set_led_callback
                0x000000008000e280       0x38 /usr/local/xenon/usr/lib/libxenon.a(usbctrl.o)
 .text.usbctrl_set_rol
                0x000000008000e2b8       0x2c /usr/local/xenon/usr/lib/libxenon.a(usbctrl.o)
                0x000000008000e2b8                usbctrl_set_rol
 .text.usbctrl_detach
                0x000000008000e2e4       0x88 /usr/local/xenon/usr/lib/libxenon.a(usbctrl.o)
 .text.usbctrl_set_leds
                0x000000008000e36c      0x108 /usr/local/xenon/usr/lib/libxenon.a(usbctrl.o)
                0x000000008000e36c                usbctrl_set_leds
 .text.usbctrl_ireq_callback
                0x000000008000e474      0x250 /usr/local/xenon/usr/lib/libxenon.a(usbctrl.o)
 .text.usbctrl_poll
                0x000000008000e6c4       0xb0 /usr/local/xenon/usr/lib/libxenon.a(usbctrl.o)
                0x000000008000e6c4                usbctrl_poll
 .text.usbctrl_attach
                0x000000008000e774      0x2f8 /usr/local/xenon/usr/lib/libxenon.a(usbctrl.o)
 .text.getstringmaybe
                0x000000008000ea6c       0x6c /usr/local/xenon/usr/lib/libxenon.a(usbdebug.o)
 .text.usb_dbg_dumpportstatus
                0x000000008000ead8      0x244 /usr/local/xenon/usr/lib/libxenon.a(usbdebug.o)
                0x000000008000ead8                usb_dbg_dumpportstatus
 .text.usb_dbg_dumpdescriptors
                0x000000008000ed1c      0x618 /usr/local/xenon/usr/lib/libxenon.a(usbdebug.o)
                0x000000008000ed1c                usb_dbg_dumpdescriptors
 .text.set_controller_data
                0x000000008000f334       0x50 /usr/local/xenon/usr/lib/libxenon.a(input.o)
                0x000000008000f334                set_controller_data
 .text          0x000000008000f384      0x4bc /usr/local/xenon/usr/lib/libfat.a(libfat.o)
                0x000000008000f384                fatMount
                0x000000008000f4b4                fatMountSimple
                0x000000008000f4c4                fatUnmount
                0x000000008000f53c                fatInit
                0x000000008000f6d4                fatInitDefault
                0x000000008000f6e0                fatGetVolumeLabel
 .text          0x000000008000f840      0xa08 /usr/local/xenon/usr/lib/libfat.a(partition.o)
                0x000000008000f8a4                FindFirstValidPartition_buf
                0x000000008000fab8                FindFirstValidPartition
                0x000000008000fb0c                _FAT_partition_getPartitionFromPath
                0x000000008000fb38                _FAT_partition_createFSinfo
                0x000000008000fc18                _FAT_partition_readFSinfo
                0x000000008000fd18                _FAT_partition_constructor_buf
                0x0000000080010058                _FAT_partition_constructor
                0x00000000800100c0                _FAT_partition_writeFSinfo
                0x00000000800101c8                _FAT_partition_destructor
 .text          0x0000000080010248      0x7a4 /usr/local/xenon/usr/lib/libfat.a(cache.o)
                0x00000000800103a4                _FAT_cache_constructor
                0x000000008001047c                _FAT_cache_readSectors
                0x0000000080010528                _FAT_cache_readPartialSector
                0x00000000800105b4                _FAT_cache_readLittleEndianValue
                0x0000000080010628                _FAT_cache_writePartialSector
                0x00000000800106bc                _FAT_cache_writeLittleEndianValue
                0x0000000080010738                _FAT_cache_eraseWritePartialSector
                0x00000000800107e4                _FAT_cache_writeSectors
                0x0000000080010898                _FAT_cache_flush
                0x0000000080010924                _FAT_cache_destructor
                0x000000008001098c                _FAT_cache_invalidate
 .text          0x00000000800109ec     0x1954 /usr/local/xenon/usr/lib/libfat.a(directory.o)
                0x0000000080010e0c                _FAT_directory_entryGetCluster
                0x0000000080010e60                _FAT_directory_getNextEntry
                0x00000000800110c4                _FAT_directory_getFirstEntry
                0x00000000800111b4                _FAT_directory_getRootEntry
                0x000000008001124c                _FAT_directory_getVolumeLabel
                0x0000000080011340                _FAT_directory_entryFromPosition
                0x00000000800114e4                _FAT_directory_entryFromPath
                0x0000000080011728                _FAT_directory_removeEntry
                0x0000000080011814                _FAT_directory_addEntry
                0x0000000080012184                _FAT_directory_chdir
                0x00000000800121e4                _FAT_directory_entryStat
 .text          0x0000000080012340       0x30 /usr/local/xenon/usr/lib/libfat.a(disc.o)
 .text          0x0000000080012370      0xc10 /usr/local/xenon/usr/lib/libfat.a(fatdir.o)
                0x0000000080012370                _FAT_stat_r
                0x0000000080012438                _FAT_link_r
                0x0000000080012448                _FAT_unlink_r
                0x0000000080012600                _FAT_chdir_r
                0x00000000800126a8                _FAT_rename_r
                0x00000000800128e4                _FAT_mkdir_r
                0x0000000080012bec                _FAT_statvfs_r
                0x0000000080012ce8                _FAT_diropen_r
                0x0000000080012dfc                _FAT_dirreset_r
                0x0000000080012e74                _FAT_dirnext_r
                0x0000000080012f40                _FAT_dirclose_r
 .text          0x0000000080012f80     0x1804 /usr/local/xenon/usr/lib/libfat.a(fatfile.o)
                0x0000000080013314                _FAT_findEntry
                0x000000008001339c                FAT_getAttr
                0x00000000800133d4                FAT_setAttr
                0x0000000080013404                _FAT_open_r
                0x00000000800137b8                _FAT_syncToDisc
                0x0000000080013900                _FAT_close_r
                0x00000000800139c8                _FAT_read_r
                0x0000000080013d80                _FAT_write_r
                0x00000000800142a0                _FAT_seek_r
                0x0000000080014460                _FAT_fstat_r
                0x0000000080014528                _FAT_ftruncate_r
                0x0000000080014710                _FAT_fsync_r
 .text          0x0000000080014784      0x714 /usr/local/xenon/usr/lib/libfat.a(file_allocation_table.o)
                0x0000000080014930                _FAT_fat_nextCluster
                0x0000000080014ac4                _FAT_fat_linkFreeCluster
                0x0000000080014bac                _FAT_fat_linkFreeClusterCleared
                0x0000000080014c5c                _FAT_fat_clearLinks
                0x0000000080014d1c                _FAT_fat_trimChain
                0x0000000080014dd4                _FAT_fat_lastCluster
                0x0000000080014e40                _FAT_fat_freeClusterCount
 .text          0x0000000080014e98      0x178 /usr/local/xenon/usr/lib/libfat.a(filetime.o)
                0x0000000080014e98                _FAT_filetime_getTimeFromRTC
                0x0000000080014f20                _FAT_filetime_getDateFromRTC
                0x0000000080014fa8                _FAT_filetime_to_time_t
 .text          0x0000000080015010       0x10 /usr/local/xenon/usr/lib/libfat.a(lock.o)
                0x0000000080015010                _FAT_lock_init
                0x0000000080015014                _FAT_lock_deinit
                0x0000000080015018                _FAT_lock
                0x000000008001501c                _FAT_unlock
 .text          0x0000000080015020       0x4c /usr/local/xenon/lib/gcc/xenon/9.2.0/32/libgcc.a(crtsavgpr.o)
                0x0000000080015020                _savegpr_14
                0x0000000080015024                _savegpr_15
                0x0000000080015028                _savegpr_16
                0x000000008001502c                _savegpr_17
                0x0000000080015030                _savegpr_18
                0x0000000080015034                _savegpr_19
                0x0000000080015038                _savegpr_20
                0x000000008001503c                _savegpr_21
                0x0000000080015040                _savegpr_22
                0x0000000080015044                _savegpr_23
                0x0000000080015048                _savegpr_24
                0x000000008001504c                _savegpr_25
                0x0000000080015050                _savegpr_26
                0x0000000080015054                _savegpr_27
                0x0000000080015058                _savegpr_28
                0x000000008001505c                _savegpr_29
                0x0000000080015060                _savegpr_30
                0x0000000080015064                _savegpr_31
 .text          0x000000008001506c       0x58 /usr/local/xenon/lib/gcc/xenon/9.2.0/32/libgcc.a(crtresxgpr.o)
                0x000000008001506c                _restgpr_14_x
                0x0000000080015070                _restgpr_15_x
                0x0000000080015074                _restgpr_16_x
                0x0000000080015078                _restgpr_17_x
                0x000000008001507c                _restgpr_18_x
                0x0000000080015080                _restgpr_19_x
                0x0000000080015084                _restgpr_20_x
                0x0000000080015088                _restgpr_21_x
                0x000000008001508c                _restgpr_22_x
                0x0000000080015090                _restgpr_23_x
                0x0000000080015094                _restgpr_24_x
                0x0000000080015098                _restgpr_25_x
                0x000000008001509c                _restgpr_26_x
                0x00000000800150a0                _restgpr_27_x
                0x00000000800150a4                _restgpr_28_x
                0x00000000800150a8                _restgpr_29_x
                0x00000000800150ac                _restgpr_30_x
                0x00000000800150b0                _restgpr_31_x
 *fill*         0x00000000800150c4        0x4 
 .text          0x00000000800150c8     0x1b98 /usr/local/xenon/lib/gcc/xenon/9.2.0/32/libgcc.a(unwind-dw2-fde-dip.o)
                0x000000008001677c                __register_frame_info_bases
                0x0000000080016818                __register_frame_info
                0x0000000080016828                __register_frame
                0x000000008001687c                __register_frame_info_table_bases
                0x0000000080016904                __register_frame_info_table
                0x0000000080016994                __register_frame_table
                0x0000000080016a30                __deregister_frame_info_bases
                0x0000000080016a50                __deregister_frame_info
                0x0000000080016a70                __deregister_frame
                0x0000000080016aa4                _Unwind_Find_FDE
 .text          0x0000000080016c60       0x78 /usr/local/xenon/xenon/lib/32/libc.a(lib_a-assert.o)
                0x0000000080016c60                __assert_func
                0x0000000080016cc0                __assert
 .text          0x0000000080016cd8       0x40 /usr/local/xenon/xenon/lib/32/libc.a(lib_a-exit.o)
                0x0000000080016cd8                exit
 .text          0x0000000080016d18      0x170 /usr/local/xenon/xenon/lib/32/libc.a(lib_a-fclose.o)
                0x0000000080016d18                _fclose_r
                0x0000000080016e78                fclose
 .text          0x0000000080016e88      0x3c4 /usr/local/xenon/xenon/lib/32/libc.a(lib_a-fflush.o)
                0x0000000080016e88                __sflush_r
                0x00000000800171b0                _fflush_r
                0x0000000080017220                fflush
 *fill*         0x000000008001724c        0x4 
 .text          0x0000000080017250      0x3c4 /usr/local/xenon/xenon/lib/32/libc.a(lib_a-findfp.o)
                0x0000000080017258                _cleanup_r
                0x0000000080017408                __sfmoreglue
                0x0000000080017480                __sfp
                0x00000000800175a0                _cleanup
                0x00000000800175b8                __sinit
                0x00000000800175c8                __sfp_lock_acquire
                0x00000000800175d0                __sfp_lock_release
                0x00000000800175d8                __sinit_lock_acquire
                0x00000000800175e0                __sinit_lock_release
                0x00000000800175e8                __fp_lock_all
                0x0000000080017600                __fp_unlock_all
 *fill*         0x0000000080017614        0x4 
 .text          0x0000000080017618      0x110 /usr/local/xenon/xenon/lib/32/libc.a(lib_a-fiprintf.o)
                0x0000000080017618                _fiprintf_r
                0x0000000080017698                fiprintf
 .text          0x0000000080017728      0x15c /usr/local/xenon/xenon/lib/32/libc.a(lib_a-fopen.o)
                0x0000000080017728                _fopen_r
                0x0000000080017870                fopen
 *fill*         0x0000000080017884        0x4 
 .text          0x0000000080017888      0x4a4 /usr/local/xenon/xenon/lib/32/libc.a(lib_a-freer.o)
                0x0000000080017888                _malloc_trim_r
                0x00000000800179c8                _free_r
 *fill*         0x0000000080017d2c        0x4 
 .text          0x0000000080017d30       0x24 /usr/local/xenon/xenon/lib/32/libc.a(lib_a-fseek.o)
                0x0000000080017d30                _fseek_r
                0x0000000080017d38                fseek
 *fill*         0x0000000080017d54        0x4 
 .text          0x0000000080017d58      0x564 /usr/local/xenon/xenon/lib/32/libc.a(lib_a-fseeko.o)
                0x0000000080017d58                _fseeko_r
                0x00000000800182a0                fseeko
 *fill*         0x00000000800182bc        0x4 
 .text          0x00000000800182c0       0x80 /usr/local/xenon/xenon/lib/32/libc.a(lib_a-fstatr.o)
                0x00000000800182c0                _fstat_r
 .text          0x0000000080018340      0x16c /usr/local/xenon/xenon/lib/32/libc.a(lib_a-fwalk.o)
                0x0000000080018340                _fwalk
                0x00000000800183f0                _fwalk_reent
 *fill*         0x00000000800184ac        0x4 
 .text          0x00000000800184b0       0xfc /usr/local/xenon/xenon/lib/32/libc.a(lib_a-fwrite.o)
                0x00000000800184b0                _fwrite_r
                0x0000000080018588                fwrite
 *fill*         0x00000000800185ac        0x4 
 .text          0x00000000800185b0      0x4b4 /usr/local/xenon/xenon/lib/32/libc.a(lib_a-lcltime_r.o)
                0x00000000800185b0                localtime_r
 *fill*         0x0000000080018a64        0x4 
 .text          0x0000000080018a68       0xcc /usr/local/xenon/xenon/lib/32/libc.a(lib_a-locale.o)
                0x0000000080018a68                _setlocale_r
                0x0000000080018b10                __locale_mb_cur_max
                0x0000000080018b20                setlocale
 *fill*         0x0000000080018b34        0x4 
 .text          0x0000000080018b38      0x23c /usr/local/xenon/xenon/lib/32/libc.a(lib_a-makebuf.o)
                0x0000000080018b38                __swhatbuf_r
                0x0000000080018c18                __smakebuf_r
 *fill*         0x0000000080018d74        0x4 
 .text          0x0000000080018d78       0x14 /usr/local/xenon/xenon/lib/32/libc.a(lib_a-malign.o)
                0x0000000080018d78                memalign
 *fill*         0x0000000080018d8c        0x4 
 .text          0x0000000080018d90      0x1bc /usr/local/xenon/xenon/lib/32/libc.a(lib_a-malignr.o)
                0x0000000080018d90                _memalign_r
 *fill*         0x0000000080018f4c        0x4 
 .text          0x0000000080018f50       0x20 /usr/local/xenon/xenon/lib/32/libc.a(lib_a-malloc.o)
                0x0000000080018f50                malloc
                0x0000000080018f60                free
 .text          0x0000000080018f70      0x8b8 /usr/local/xenon/xenon/lib/32/libc.a(lib_a-mallocr.o)
                0x0000000080018f70                _malloc_r
 .text          0x0000000080019828      0x158 /usr/local/xenon/xenon/lib/32/libc.a(lib_a-mbrtowc.o)
                0x0000000080019828                _mbrtowc_r
                0x00000000800198c8                mbrtowc
 .text          0x0000000080019980       0x3c /usr/local/xenon/xenon/lib/32/libc.a(lib_a-mbsrtowcs.o)
                0x0000000080019980                _mbsrtowcs_r
                0x0000000080019998                mbsrtowcs
 *fill*         0x00000000800199bc        0x4 
 .text          0x00000000800199c0       0x98 /usr/local/xenon/xenon/lib/32/libc.a(lib_a-mbtowc_r.o)
                0x00000000800199c0                _mbtowc_r
                0x00000000800199d0                __ascii_mbtowc
 .text          0x0000000080019a58       0x98 /usr/local/xenon/xenon/lib/32/libc.a(lib_a-memcmp.o)
                0x0000000080019a58                memcmp
 .text          0x0000000080019af0      0x104 /usr/local/xenon/xenon/lib/32/libc.a(lib_a-memcpy.o)
                0x0000000080019af0                memcpy
 *fill*         0x0000000080019bf4        0x4 
 .text          0x0000000080019bf8      0x13c /usr/local/xenon/xenon/lib/32/libc.a(lib_a-memmove.o)
                0x0000000080019bf8                memmove
 *fill*         0x0000000080019d34        0x4 
 .text          0x0000000080019d38      0x108 /usr/local/xenon/xenon/lib/32/libc.a(lib_a-memset.o)
                0x0000000080019d38                memset
 .text          0x0000000080019e40      0x9ec /usr/local/xenon/xenon/lib/32/libc.a(lib_a-mktime.o)
                0x000000008001a1e0                mktime
 *fill*         0x000000008001a82c        0x4 
 .text          0x000000008001a830       0x88 /usr/local/xenon/xenon/lib/32/libc.a(lib_a-openr.o)
                0x000000008001a830                _open_r
 .text          0x000000008001a8b8      0x11c /usr/local/xenon/xenon/lib/32/libc.a(lib_a-printf.o)
                0x000000008001a8b8                _printf_r
                0x000000008001a940                printf
 *fill*         0x000000008001a9d4        0x4 
 .text          0x000000008001a9d8       0x1c /usr/local/xenon/xenon/lib/32/libc.a(lib_a-putchar.o)
                0x000000008001a9d8                _putchar_r
                0x000000008001a9e0                putchar
 *fill*         0x000000008001a9f4        0x4 
 .text          0x000000008001a9f8       0xf0 /usr/local/xenon/xenon/lib/32/libc.a(lib_a-puts.o)
                0x000000008001a9f8                _puts_r
                0x000000008001aad8                puts
 .text          0x000000008001aae8      0x284 /usr/local/xenon/xenon/lib/32/libc.a(lib_a-refill.o)
                0x000000008001ab08                __srefill_r
 *fill*         0x000000008001ad6c        0x4 
 .text          0x000000008001ad70       0x78 /usr/local/xenon/xenon/lib/32/libc.a(lib_a-sbrkr.o)
                0x000000008001ad70                _sbrk_r
 .text          0x000000008001ade8      0x2cc /usr/local/xenon/xenon/lib/32/libc.a(lib_a-snprintf.o)
                0x000000008001ade8                _snprintf_r
                0x000000008001af50                snprintf
 *fill*         0x000000008001b0b4        0x4 
 .text          0x000000008001b0b8      0x17c /usr/local/xenon/xenon/lib/32/libc.a(lib_a-sprintf.o)
                0x000000008001b0b8                _sprintf_r
                0x000000008001b170                sprintf
 *fill*         0x000000008001b234        0x4 
 .text          0x000000008001b238      0x198 /usr/local/xenon/xenon/lib/32/libc.a(lib_a-stdio.o)
                0x000000008001b238                __sread
                0x000000008001b2a0                __seofread
                0x000000008001b2a8                __swrite
                0x000000008001b360                __sseek
                0x000000008001b3c8                __sclose
 .text          0x000000008001b3d0       0x8c /usr/local/xenon/xenon/lib/32/libc.a(lib_a-stpcpy.o)
                0x000000008001b3d0                stpcpy
 *fill*         0x000000008001b45c        0x4 
 .text          0x000000008001b460       0x90 /usr/local/xenon/xenon/lib/32/libc.a(lib_a-strcat.o)
                0x000000008001b460                strcat
 .text          0x000000008001b4f0      0x164 /usr/local/xenon/xenon/lib/32/libc.a(lib_a-strchr.o)
                0x000000008001b4f0                strchr
 *fill*         0x000000008001b654        0x4 
 .text          0x000000008001b658       0x9c /usr/local/xenon/xenon/lib/32/libc.a(lib_a-strcmp.o)
                0x000000008001b658                strcmp
 *fill*         0x000000008001b6f4        0x4 
 .text          0x000000008001b6f8       0x8c /usr/local/xenon/xenon/lib/32/libc.a(lib_a-strcpy.o)
                0x000000008001b6f8                strcpy
 *fill*         0x000000008001b784        0x4 
 .text          0x000000008001b788       0x94 /usr/local/xenon/xenon/lib/32/libc.a(lib_a-strlen.o)
                0x000000008001b788                strlen
 *fill*         0x000000008001b81c        0x4 
 .text          0x000000008001b820       0x90 /usr/local/xenon/xenon/lib/32/libc.a(lib_a-strncasecmp.o)
                0x000000008001b820                strncasecmp
 .text          0x000000008001b8b0       0xd8 /usr/local/xenon/xenon/lib/32/libc.a(lib_a-strncmp.o)
                0x000000008001b8b0                strncmp
 .text          0x000000008001b988       0xd4 /usr/local/xenon/xenon/lib/32/libc.a(lib_a-strncpy.o)
                0x000000008001b988                strncpy
 *fill*         0x000000008001ba5c        0x4 
 .text          0x000000008001ba60       0x40 /usr/local/xenon/xenon/lib/32/libc.a(lib_a-strnlen.o)
                0x000000008001ba60                strnlen
 .text          0x000000008001baa0       0x80 /usr/local/xenon/xenon/lib/32/libc.a(lib_a-strpbrk.o)
                0x000000008001baa0                strpbrk
 .text          0x000000008001bb20       0x6c /usr/local/xenon/xenon/lib/32/libc.a(lib_a-strrchr.o)
                0x000000008001bb20                strrchr
 *fill*         0x000000008001bb8c        0x4 
 .text          0x000000008001bb90     0x200c /usr/local/xenon/xenon/lib/32/libc.a(lib_a-svfprintf.o)
                0x000000008001bb90                _svfprintf_r
 *fill*         0x000000008001db9c        0x4 
 .text          0x000000008001dba0       0x6c /usr/local/xenon/xenon/lib/32/libc.a(lib_a-time.o)
                0x000000008001dba0                time
 *fill*         0x000000008001dc0c        0x4 
 .text          0x000000008001dc10       0x28 /usr/local/xenon/xenon/lib/32/libc.a(lib_a-towlower.o)
                0x000000008001dc10                towlower
 .text          0x000000008001dc38       0x28 /usr/local/xenon/xenon/lib/32/libc.a(lib_a-towupper.o)
                0x000000008001dc38                towupper
 .text          0x000000008001dc60      0x298 /usr/local/xenon/xenon/lib/32/libc.a(lib_a-tzcalc_limits.o)
                0x000000008001dc60                __tzcalc_limits
 .text          0x000000008001def8        0xc /usr/local/xenon/xenon/lib/32/libc.a(lib_a-tzlock.o)
                0x000000008001def8                __tz_lock
                0x000000008001df00                __tz_unlock
 *fill*         0x000000008001df04        0x4 
 .text          0x000000008001df08       0x3c /usr/local/xenon/xenon/lib/32/libc.a(lib_a-tzset.o)
                0x000000008001df08                _tzset_unlocked
                0x000000008001df18                tzset
 *fill*         0x000000008001df44        0x4 
 .text          0x000000008001df48      0x5ac /usr/local/xenon/xenon/lib/32/libc.a(lib_a-tzset_r.o)
                0x000000008001df48                _tzset_unlocked_r
                0x000000008001e4c0                _tzset_r
 *fill*         0x000000008001e4f4        0x4 
 .text          0x000000008001e4f8     0x161c /usr/local/xenon/xenon/lib/32/libc.a(lib_a-vfiprintf.o)
                0x000000008001e648                __sprint_r
                0x000000008001e668                _vfiprintf_r
                0x000000008001fa20                vfiprintf
 *fill*         0x000000008001fb14        0x4 
 .text          0x000000008001fb18     0x219c /usr/local/xenon/xenon/lib/32/libc.a(lib_a-vfprintf.o)
                0x000000008001fb18                _vfprintf_r
                0x0000000080021bc0                vfprintf
 *fill*         0x0000000080021cb4        0x4 
 .text          0x0000000080021cb8       0x74 /usr/local/xenon/xenon/lib/32/libc.a(lib_a-vsprintf.o)
                0x0000000080021cb8                _vsprintf_r
                0x0000000080021d10                vsprintf
 *fill*         0x0000000080021d2c        0x4 
 .text          0x0000000080021d30      0x144 /usr/local/xenon/xenon/lib/32/libc.a(lib_a-wcrtomb.o)
                0x0000000080021d30                _wcrtomb_r
                0x0000000080021dc8                wcrtomb
 *fill*         0x0000000080021e74        0x4 
 .text          0x0000000080021e78       0x80 /usr/local/xenon/xenon/lib/32/libc.a(lib_a-wctob.o)
                0x0000000080021e78                wctob
 .text          0x0000000080021ef8       0x48 /usr/local/xenon/xenon/lib/32/libc.a(lib_a-wctomb_r.o)
                0x0000000080021ef8                _wctomb_r
                0x0000000080021f08                __ascii_wctomb
 .text          0x0000000080021f40       0x80 /usr/local/xenon/xenon/lib/32/libc.a(lib_a-writer.o)
                0x0000000080021f40                _write_r
 .text          0x0000000080021fc0      0x1b8 /usr/local/xenon/xenon/lib/32/libc.a(lib_a-wsetup.o)
                0x0000000080021fc0                __swsetup_r
 .text          0x0000000080022178      0x178 /usr/local/xenon/xenon/lib/32/libc.a(lib_a-__call_atexit.o)
                0x0000000080022178                __call_exitprocs
 .text          0x00000000800222f0       0x78 /usr/local/xenon/xenon/lib/32/libc.a(lib_a-closer.o)
                0x00000000800222f0                _close_r
 .text          0x0000000080022368       0x5c /usr/local/xenon/xenon/lib/32/libc.a(lib_a-div.o)
                0x0000000080022368                div
 *fill*         0x00000000800223c4        0x4 
 .text          0x00000000800223c8     0x1478 /usr/local/xenon/xenon/lib/32/libc.a(lib_a-dtoa.o)
                0x0000000080022608                _dtoa_r
 .text          0x0000000080023840       0xb8 /usr/local/xenon/xenon/lib/32/libc.a(lib_a-flags.o)
                0x0000000080023840                __sflags
 .text          0x00000000800238f8      0x25c /usr/local/xenon/xenon/lib/32/libc.a(lib_a-fputwc.o)
                0x00000000800238f8                __fputwc
                0x0000000080023a80                _fputwc_r
                0x0000000080023aa8                fputwc
 *fill*         0x0000000080023b54        0x4 
 .text          0x0000000080023b58      0x5c8 /usr/local/xenon/xenon/lib/32/libc.a(lib_a-fvwrite.o)
                0x0000000080023b58                __sfvwrite_r
 .text          0x0000000080024120      0x16c /usr/local/xenon/xenon/lib/32/libc.a(lib_a-getenv_r.o)
                0x0000000080024120                _findenv_r
                0x0000000080024268                _getenv_r
 *fill*         0x000000008002428c        0x4 
 .text          0x0000000080024290       0x80 /usr/local/xenon/xenon/lib/32/libc.a(lib_a-gettimeofdayr.o)
                0x0000000080024290                _gettimeofday_r
 .text          0x0000000080024310        0xc /usr/local/xenon/xenon/lib/32/libc.a(lib_a-gettzinfo.o)
                0x0000000080024310                __gettzinfo
 *fill*         0x000000008002431c        0x4 
 .text          0x0000000080024320      0x2ec /usr/local/xenon/xenon/lib/32/libc.a(lib_a-gmtime_r.o)
                0x0000000080024320                gmtime_r
 *fill*         0x000000008002460c        0x4 
 .text          0x0000000080024610       0x78 /usr/local/xenon/xenon/lib/32/libc.a(lib_a-isattyr.o)
                0x0000000080024610                _isatty_r
 .text          0x0000000080024688       0x24 /usr/local/xenon/xenon/lib/32/libc.a(lib_a-localeconv.o)
                0x0000000080024688                __localeconv_l
                0x0000000080024690                _localeconv_r
                0x00000000800246a0                localeconv
 *fill*         0x00000000800246ac        0x4 
 .text          0x00000000800246b0       0x80 /usr/local/xenon/xenon/lib/32/libc.a(lib_a-lseekr.o)
                0x00000000800246b0                _lseek_r
 .text          0x0000000080024730      0x1f8 /usr/local/xenon/xenon/lib/32/libc.a(lib_a-mbsnrtowcs.o)
                0x0000000080024730                _mbsnrtowcs_r
                0x00000000800248f8                mbsnrtowcs
 .text          0x0000000080024928       0xd4 /usr/local/xenon/xenon/lib/32/libc.a(lib_a-memchr.o)
                0x0000000080024928                memchr
 *fill*         0x00000000800249fc        0x4 
 .text          0x0000000080024a00     0x1280 /usr/local/xenon/xenon/lib/32/libc.a(lib_a-mprec.o)
                0x0000000080024a00                _Balloc
                0x0000000080024ae8                _Bfree
                0x0000000080024b10                __multadd
                0x0000000080024c38                __s2b
                0x0000000080024d80                __hi0bits
                0x0000000080024de8                __lo0bits
                0x0000000080024ea0                __i2b
                0x0000000080024ee0                __multiply
                0x0000000080025148                __pow5mult
                0x00000000800252c0                __lshift
                0x0000000080025448                __mcmp
                0x00000000800254a8                __mdiff
                0x00000000800256d0                __ulp
                0x0000000080025770                __b2d
                0x00000000800258c8                __d2b
                0x0000000080025a50                __ratio
                0x0000000080025b28                _mprec_log10
                0x0000000080025b70                __copybits
                0x0000000080025c08                __any_on
 .text          0x0000000080025c80      0x164 /usr/local/xenon/xenon/lib/32/libc.a(lib_a-putc.o)
                0x0000000080025c80                _putc_r
                0x0000000080025d20                putc
 *fill*         0x0000000080025de4        0x4 
 .text          0x0000000080025de8       0x80 /usr/local/xenon/xenon/lib/32/libc.a(lib_a-readr.o)
                0x0000000080025de8                _read_r
 .text          0x0000000080025e68      0x670 /usr/local/xenon/xenon/lib/32/libc.a(lib_a-reallocr.o)
                0x0000000080025e68                _realloc_r
 .text          0x00000000800264d8      0x1b8 /usr/local/xenon/xenon/lib/32/libc.a(lib_a-siscanf.o)
                0x00000000800264d8                siscanf
                0x00000000800265b0                _siscanf_r
 .text          0x0000000080026690      0x26c /usr/local/xenon/xenon/lib/32/libc.a(lib_a-strtoul.o)
                0x00000000800268b8                _strtoul_r
                0x00000000800268c0                strtoul_l
                0x00000000800268e0                strtoul
 *fill*         0x00000000800268fc        0x4 
 .text          0x0000000080026900     0x1428 /usr/local/xenon/xenon/lib/32/libc.a(lib_a-svfiprintf.o)
                0x0000000080026900                __ssprint_r
                0x0000000080026b50                _svfiprintf_r
 .text          0x0000000080027d28     0x160c /usr/local/xenon/xenon/lib/32/libc.a(lib_a-svfiscanf.o)
                0x0000000080027d28                _sungetc_r
                0x0000000080027e70                __ssrefill_r
                0x0000000080027f00                _sfread_r
                0x0000000080028020                __ssvfiscanf_r
 *fill*         0x0000000080029334        0x4 
 .text          0x0000000080029338      0x374 /usr/local/xenon/xenon/lib/32/libc.a(lib_a-ungetc.o)
                0x0000000080029338                __submore
                0x0000000080029438                _ungetc_r
                0x0000000080029698                ungetc
 *fill*         0x00000000800296ac        0x4 
 .text          0x00000000800296b0      0x1dc /usr/local/xenon/xenon/lib/32/libc.a(lib_a-wbuf.o)
                0x00000000800296b0                __swbuf_r
                0x0000000080029878                __swbuf
 *fill*         0x000000008002988c        0x4 
 .text          0x0000000080029890       0xc8 /usr/local/xenon/xenon/lib/32/libc.a(lib_a-callocr.o)
                0x0000000080029890                _calloc_r
 .text          0x0000000080029958        0xc /usr/local/xenon/xenon/lib/32/libc.a(lib_a-envlock.o)
                0x0000000080029958                __env_lock
                0x0000000080029960                __env_unlock
 *fill*         0x0000000080029964        0x4 
 .text          0x0000000080029968        0x8 /usr/local/xenon/xenon/lib/32/libc.a(lib_a-iswspace.o)
                0x0000000080029968                iswspace
 .text          0x0000000080029970       0x28 /usr/local/xenon/xenon/lib/32/libc.a(lib_a-iswspace_l.o)
                0x0000000080029970                iswspace_l
 .text          0x0000000080029998      0x108 /usr/local/xenon/xenon/lib/32/libc.a(lib_a-sccl.o)
                0x0000000080029998                __sccl
 .text          0x0000000080029aa0      0x26c /usr/local/xenon/xenon/lib/32/libc.a(lib_a-strtol.o)
                0x0000000080029cc8                _strtol_r
                0x0000000080029cd0                strtol_l
                0x0000000080029cf0                strtol
 *fill*         0x0000000080029d0c        0x4 
 .text          0x0000000080029d10      0x354 /usr/local/xenon/xenon/lib/32/libc.a(lib_a-strtoll.o)
                0x000000008002a020                _strtoll_r
                0x000000008002a028                strtoll_l
                0x000000008002a048                strtoll
 *fill*         0x000000008002a064        0x4 
 .text          0x000000008002a068      0x38c /usr/local/xenon/xenon/lib/32/libc.a(lib_a-strtoull.o)
                0x000000008002a3b0                _strtoull_r
                0x000000008002a3b8                strtoull_l
                0x000000008002a3d8                strtoull
 *fill*         0x000000008002a3f4        0x4 
 .text          0x000000008002a3f8      0x414 /usr/local/xenon/lib/gcc/xenon/9.2.0/32/libgcc.a(_divdi3.o)
                0x000000008002a3f8                __divdi3
 *fill*         0x000000008002a80c        0x4 
 .text          0x000000008002a810      0x3a0 /usr/local/xenon/lib/gcc/xenon/9.2.0/32/libgcc.a(_moddi3.o)
                0x000000008002a810                __moddi3
 .text          0x000000008002abb0      0x3dc /usr/local/xenon/lib/gcc/xenon/9.2.0/32/libgcc.a(_udivdi3.o)
                0x000000008002abb0                __udivdi3
 *fill*         0x000000008002af8c        0x4 
 .text          0x000000008002af90      0x378 /usr/local/xenon/lib/gcc/xenon/9.2.0/32/libgcc.a(_umoddi3.o)
                0x000000008002af90                __umoddi3

.glink          0x000000008002b308        0x0
 .glink         0x000000008002b308        0x0 /usr/local/xenon/usr/lib/libxenon.a(xenon_syscalls.o)

.elfldr         0x000000008002b308        0x0
                0x000000008002b308                elfldr_start = .
 *(.elfldr)
                0x000000008002b308                elfldr_end = .

.data           0x000000008002b308     0x8468
 *(.data*)
 .data.xenon_ata_ops
                0x000000008002b308       0x24 /usr/local/xenon/usr/lib/libxenon.a(ata.o)
                0x000000008002b308                xenon_ata_ops
 *fill*         0x000000008002b32c        0x4 
 .data._current_working_directory
                0x000000008002b330      0x400 /usr/local/xenon/usr/lib/libxenon.a(newlib.o)
 .data.defaultDevice
                0x000000008002b730        0x4 /usr/local/xenon/usr/lib/libxenon.a(newlib.o)
 .data.devoptab_list
                0x000000008002b734       0x40 /usr/local/xenon/usr/lib/libxenon.a(newlib.o)
                0x000000008002b734                devoptab_list
 .data.__syscalls
                0x000000008002b774       0x24 /usr/local/xenon/usr/lib/libxenon.a(xenon_syscalls.o)
                0x000000008002b774                __syscalls
 .data.lockowner
                0x000000008002b798        0x4 /usr/local/xenon/usr/lib/libxenon.a(xenon_syscalls.o)
 .data.usb2mass_ops_0
                0x000000008002b79c       0x24 /usr/local/xenon/usr/lib/libxenon.a(tinyehci.o)
                0x000000008002b79c                usb2mass_ops_0
 .data.usb2mass_ops_1
                0x000000008002b7c0       0x24 /usr/local/xenon/usr/lib/libxenon.a(tinyehci.o)
                0x000000008002b7c0                usb2mass_ops_1
 .data.usb2mass_ops_2
                0x000000008002b7e4       0x24 /usr/local/xenon/usr/lib/libxenon.a(tinyehci.o)
                0x000000008002b7e4                usb2mass_ops_2
 .data.ana_hdmi_720p
                0x000000008002b808      0x400 /usr/local/xenon/usr/lib/libxenon.a(xenos.o)
                0x000000008002b808                ana_hdmi_720p
 .data.ana_hdmi_720p_corona
                0x000000008002bc08      0x400 /usr/local/xenon/usr/lib/libxenon.a(xenos.o)
                0x000000008002bc08                ana_hdmi_720p_corona
 .data.ana_ntsc
                0x000000008002c008      0x400 /usr/local/xenon/usr/lib/libxenon.a(xenos.o)
                0x000000008002c008                ana_ntsc
 .data.ana_ntsc_corona
                0x000000008002c408      0x400 /usr/local/xenon/usr/lib/libxenon.a(xenos.o)
                0x000000008002c408                ana_ntsc_corona
 .data.ana_pal50
                0x000000008002c808      0x400 /usr/local/xenon/usr/lib/libxenon.a(xenos.o)
                0x000000008002c808                ana_pal50
 .data.ana_pal50_corona
                0x000000008002cc08      0x400 /usr/local/xenon/usr/lib/libxenon.a(xenos.o)
                0x000000008002cc08                ana_pal50_corona
 .data.ana_pal60
                0x000000008002d008      0x400 /usr/local/xenon/usr/lib/libxenon.a(xenos.o)
                0x000000008002d008                ana_pal60
 .data.ana_pal60_corona
                0x000000008002d408      0x400 /usr/local/xenon/usr/lib/libxenon.a(xenos.o)
                0x000000008002d408                ana_pal60_corona
 .data.ana_vga_1024x768
                0x000000008002d808      0x400 /usr/local/xenon/usr/lib/libxenon.a(xenos.o)
                0x000000008002d808                ana_vga_1024x768
 .data.ana_vga_1024x768_corona
                0x000000008002dc08      0x400 /usr/local/xenon/usr/lib/libxenon.a(xenos.o)
                0x000000008002dc08                ana_vga_1024x768_corona
 .data.ana_vga_1280x1024
                0x000000008002e008      0x400 /usr/local/xenon/usr/lib/libxenon.a(xenos.o)
                0x000000008002e008                ana_vga_1280x1024
 .data.ana_vga_1280x1024_corona
                0x000000008002e408      0x400 /usr/local/xenon/usr/lib/libxenon.a(xenos.o)
                0x000000008002e408                ana_vga_1280x1024_corona
 .data.ana_vga_1280x720
                0x000000008002e808      0x400 /usr/local/xenon/usr/lib/libxenon.a(xenos.o)
                0x000000008002e808                ana_vga_1280x720
 .data.ana_vga_1280x720_corona
                0x000000008002ec08      0x400 /usr/local/xenon/usr/lib/libxenon.a(xenos.o)
                0x000000008002ec08                ana_vga_1280x720_corona
 .data.ana_vga_1280x768
                0x000000008002f008      0x400 /usr/local/xenon/usr/lib/libxenon.a(xenos.o)
                0x000000008002f008                ana_vga_1280x768
 .data.ana_vga_1280x768_corona
                0x000000008002f408      0x400 /usr/local/xenon/usr/lib/libxenon.a(xenos.o)
                0x000000008002f408                ana_vga_1280x768_corona
 .data.ana_vga_1360x768
                0x000000008002f808      0x400 /usr/local/xenon/usr/lib/libxenon.a(xenos.o)
                0x000000008002f808                ana_vga_1360x768
 .data.ana_vga_1360x768_corona
                0x000000008002fc08      0x400 /usr/local/xenon/usr/lib/libxenon.a(xenos.o)
                0x000000008002fc08                ana_vga_1360x768_corona
 .data.ana_vga_1440x900
                0x0000000080030008      0x400 /usr/local/xenon/usr/lib/libxenon.a(xenos.o)
                0x0000000080030008                ana_vga_1440x900
 .data.ana_vga_1440x900_corona
                0x0000000080030408      0x400 /usr/local/xenon/usr/lib/libxenon.a(xenos.o)
                0x0000000080030408                ana_vga_1440x900_corona
 .data.ana_vga_640x480
                0x0000000080030808      0x400 /usr/local/xenon/usr/lib/libxenon.a(xenos.o)
                0x0000000080030808                ana_vga_640x480
 .data.ana_vga_640x480_corona
                0x0000000080030c08      0x400 /usr/local/xenon/usr/lib/libxenon.a(xenos.o)
                0x0000000080030c08                ana_vga_640x480_corona
 .data.ana_yuv_480p
                0x0000000080031008      0x400 /usr/local/xenon/usr/lib/libxenon.a(xenos.o)
                0x0000000080031008                ana_yuv_480p
 .data.ana_yuv_480p_corona
                0x0000000080031408      0x400 /usr/local/xenon/usr/lib/libxenon.a(xenos.o)
                0x0000000080031408                ana_yuv_480p_corona
 .data.ana_yuv_720p
                0x0000000080031808      0x400 /usr/local/xenon/usr/lib/libxenon.a(xenos.o)
                0x0000000080031808                ana_yuv_720p
 .data.ana_yuv_720p_corona
                0x0000000080031c08      0x400 /usr/local/xenon/usr/lib/libxenon.a(xenos.o)
                0x0000000080031c08                ana_yuv_720p_corona
 .data.xenos_modes
                0x0000000080032008      0x30c /usr/local/xenon/usr/lib/libxenon.a(xenos.o)
                0x0000000080032008                xenos_modes
 .data.xenos_modes_corona
                0x0000000080032314      0x30c /usr/local/xenon/usr/lib/libxenon.a(xenos.o)
                0x0000000080032314                xenos_modes_corona
 .data.ohci_driver
                0x0000000080032620       0x2c /usr/local/xenon/usr/lib/libxenon.a(ohci.o)
                0x0000000080032620                ohci_driver
 .data.usb_drivers
                0x000000008003264c       0xa0 /usr/local/xenon/usr/lib/libxenon.a(usbdevs.o)
                0x000000008003264c                usb_drivers
 .data.usbhid_driver
                0x00000000800326ec        0xc /usr/local/xenon/usr/lib/libxenon.a(usbhid.o)
                0x00000000800326ec                usbhid_driver
 .data.usbhid_scantable
                0x00000000800326f8      0x650 /usr/local/xenon/usr/lib/libxenon.a(usbhid.o)
 .data.usbhub_driver
                0x0000000080032d48        0xc /usr/local/xenon/usr/lib/libxenon.a(usbhub.o)
                0x0000000080032d48                usbhub_driver
 .data.usbroothub_driver
                0x0000000080032d54        0xc /usr/local/xenon/usr/lib/libxenon.a(usbhub.o)
                0x0000000080032d54                usbroothub_driver
 .data.dummy_driver
                0x0000000080032d60        0xc /usr/local/xenon/usr/lib/libxenon.a(dummy.o)
                0x0000000080032d60                dummy_driver
 .data.usbctrl_driver
                0x0000000080032d6c        0xc /usr/local/xenon/usr/lib/libxenon.a(usbctrl.o)
                0x0000000080032d6c                usbctrl_driver
 .data          0x0000000080032d78      0x428 /usr/local/xenon/xenon/lib/32/libc.a(lib_a-impure.o)
 .data          0x00000000800331a0      0x16c /usr/local/xenon/xenon/lib/32/libc.a(lib_a-locale.o)
                0x00000000800331a0                __global_locale
 .data          0x000000008003330c      0x408 /usr/local/xenon/xenon/lib/32/libc.a(lib_a-mallocr.o)
                0x000000008003330c                __malloc_av_
 *fill*         0x0000000080033714        0x4 
 .data          0x0000000080033718       0x58 /usr/local/xenon/xenon/lib/32/libc.a(lib_a-gettzinfo.o)

.branch_lt      0x0000000080033770        0x0
 .branch_lt     0x0000000080033770        0x0 /usr/local/xenon/usr/lib/libxenon.a(xenon_syscalls.o)

.got2           0x0000000080033770       0x18
 .got2          0x0000000080033770       0x18 /usr/local/xenon/lib/gcc/xenon/9.2.0/32/libgcc.a(unwind-dw2-fde-dip.o)

.sdata          0x0000000080033788       0x38
 *(.sdata*)
 .sdata         0x0000000080033788        0x4 /usr/local/xenon/usr/lib/libxenon.a(startup_from_xell.o)
                0x0000000080033788                __system_argv
 *fill*         0x000000008003378c        0x4 
 .sdata.DIRECTORY_PARENT
                0x0000000080033790        0x3 /usr/local/xenon/usr/lib/libxenon.a(newlib.o)
                0x0000000080033790                DIRECTORY_PARENT
 .sdata         0x0000000080033793        0x0 /usr/local/xenon/usr/lib/libxenon.a(xenon_syscalls.o)
                0x000000008003b793                _SDA_BASE_
 .sdata2        0x0000000080033793        0x0 /usr/local/xenon/usr/lib/libxenon.a(xenon_syscalls.o)
                0x000000008003b793                _SDA2_BASE_
 *fill*         0x0000000080033793        0x1 
 .sdata.usb_timeout
                0x0000000080033794        0x4 /usr/local/xenon/usr/lib/libxenon.a(tinyehci.o)
                0x0000000080033794                usb_timeout